[Licensing::Module] Trying to connect to existing licensing client channel...
Built from '6000.0/staging' branch; Version is '6000.0.68f1 (e1e9baaf294b) revision 14805434'; Using compiler version '193933523'; Build Type 'Release'
[Licensing::IpcConnector] Successfully connected to: "LicenseClient-Angelo" at "2026-08-14T02:33:39.3429968Z"
OS: 'Windows 10  (10.0.19045) 64bit Professional' Language: 'en' Physical Memory: 16309 MB
BatchMode: 1, IsHumanControllingUs: 0, StartBugReporterOnCrash: 0, Is64bit: 1
System  architecture: x64
Process architecture: x64
Date: 2026-08-14T02:33:39Z

COMMAND LINE ARGUMENTS:
F:\Unity\6000.0.68f1\Editor\Unity.exe
-adb2
-batchMode
-noUpm
-name
AssetImportWorker1
-projectPath
F:/Rmancy/Rythmancy
-logFile
Logs/AssetImportWorker1.log
-srvPort
55514
-licensingIpc
LicenseClient-Angelo
-job-worker-count
7
-background-job-worker-count
8
-gc-helper-count
1
-name
AssetImport
Successfully changed project path to: F:/Rmancy/Rythmancy
F:/Rmancy/Rythmancy
[UnityMemory] Configuration Parameters - Can be set up in boot.config
    "memorysetup-bucket-allocator-granularity=16"
    "memorysetup-bucket-allocator-bucket-count=8"
    "memorysetup-bucket-allocator-block-size=33554432"
    "memorysetup-bucket-allocator-block-count=8"
    "memorysetup-main-allocator-block-size=16777216"
    "memorysetup-thread-allocator-block-size=16777216"
    "memorysetup-gfx-main-allocator-block-size=16777216"
    "memorysetup-gfx-thread-allocator-block-size=16777216"
    "memorysetup-cache-allocator-block-size=4194304"
    "memorysetup-typetree-allocator-block-size=2097152"
    "memorysetup-profiler-bucket-allocator-granularity=16"
    "memorysetup-profiler-bucket-allocator-bucket-count=8"
    "memorysetup-profiler-bucket-allocator-block-size=33554432"
    "memorysetup-profiler-bucket-allocator-block-count=8"
    "memorysetup-profiler-allocator-block-size=16777216"
    "memorysetup-profiler-editor-allocator-block-size=1048576"
    "memorysetup-temp-allocator-size-main=16777216"
    "memorysetup-job-temp-allocator-block-size=2097152"
    "memorysetup-job-temp-allocator-block-size-background=1048576"
    "memorysetup-job-temp-allocator-reduction-small-platforms=262144"
    "memorysetup-allocator-temp-initial-block-size-main=262144"
    "memorysetup-allocator-temp-initial-block-size-worker=262144"
    "memorysetup-temp-allocator-size-background-worker=32768"
    "memorysetup-temp-allocator-size-job-worker=262144"
    "memorysetup-temp-allocator-size-preload-manager=33554432"
    "memorysetup-temp-allocator-size-nav-mesh-worker=65536"
    "memorysetup-temp-allocator-size-audio-worker=65536"
    "memorysetup-temp-allocator-size-cloud-worker=32768"
    "memorysetup-temp-allocator-size-gi-baking-worker=262144"
    "memorysetup-temp-allocator-size-gi-baking-worker=262144"
    "memorysetup-temp-allocator-size-gi-baking-worker=262144"
    "memorysetup-temp-allocator-size-gi-baking-worker=262144"
    "memorysetup-temp-allocator-size-gi-baking-worker=262144"
    "memorysetup-temp-allocator-size-gfx=262144"
Player connection [20692]  Target information:

Player connection [20692]  * "[IP] 192.168.0.52 [Port] 0 [Flags] 2 [Guid] 1888314423 [EditorId] 1888314423 [Version] 1048832 [Id] WindowsEditor(7,DESKTOP-3VMPJ44) [Debug] 1 [PackageName] WindowsEditor [ProjectName] Editor" 

Player connection [20692]  * "[IP] 172.17.112.1 [Port] 0 [Flags] 2 [Guid] 1888314423 [EditorId] 1888314423 [Version] 1048832 [Id] WindowsEditor(7,DESKTOP-3VMPJ44) [Debug] 1 [PackageName] WindowsEditor [ProjectName] Editor" 

Player connection [20692]  * "[IP] 192.168.56.1 [Port] 0 [Flags] 2 [Guid] 1888314423 [EditorId] 1888314423 [Version] 1048832 [Id] WindowsEditor(7,DESKTOP-3VMPJ44) [Debug] 1 [PackageName] WindowsEditor [ProjectName] Editor" 

Player connection [20692] Host joined multi-casting on [225.0.0.222:54997]...
Player connection [20692] Host joined alternative multi-casting on [225.0.0.222:34997]...
JobSystem: Creating JobQueue using job-worker-count value 7
Input System module state changed to: Initialized.
[Physics::Module] Initialized fallback backend.
[Physics::Module] Id: 0xdecafbad
[Licensing::Client] Code 10 while verifying Licensing Client signature (process Id: 14008, path: "C:/Program Files/Unity Hub/UnityLicensingClient_V1/Unity.Licensing.Client.exe")
[Licensing::Module] LicensingClient has failed validation; ignoring
[Licensing::Client] Error: HandshakeResponse reported an error:
	ResponseCode: 505
	ResponseStatus: Unsupported protocol version '1.17.4'. Current supported versions are: 1.0,1.1,1.2,1.3,1.4,1.4.1,1.5,1.6,1.7,1.8,1.9,1.10,1.11,1.12
[Licensing::Module] Error: Failed to handshake to channel: "LicenseClient-Angelo"
[Licensing::IpcConnector] LicenseClient-Angelo channel disconnected successfully.
[Licensing::IpcConnector] Successfully connected to: "LicenseClient-Angelo-6000.0.68" at "2026-08-14T02:33:39.4027705Z"
Library Redirect Path: Library/
[Physics::Module] Selected backend.
[Physics::Module] Name: PhysX
[Physics::Module] Id: 0xf2b8ea05
[Physics::Module] SDK Version: 4.1.2
[Physics::Module] Integration Version: 1.0.0
[Physics::Module] Threading Mode: Multi-Threaded
Refreshing native plugins compatible for Editor in 476.30 ms, found 3 plugins.
Preloading 0 native plugins for Editor in 0.00 ms.
Initialize engine version: 6000.0.68f1 (e1e9baaf294b)
[Subsystems] Discovering subsystems at path F:/Unity/6000.0.68f1/Editor/Data/Resources/UnitySubsystems
[Subsystems] Discovering subsystems at path F:/Rmancy/Rythmancy/Assets
GfxDevice: creating device client; kGfxThreadingModeNonThreaded
Direct3D:
    Version:  Direct3D 11.0 [level 11.1]
    Renderer: NVIDIA GeForce GTX 1650 (ID=0x1f0a)
    Vendor:   NVIDIA
    VRAM:     3935 MB
    Driver:   32.0.15.6094
Initialize mono
Mono path[0] = 'F:/Unity/6000.0.68f1/Editor/Data/Managed'
Mono path[1] = 'F:/Unity/6000.0.68f1/Editor/Data/MonoBleedingEdge/lib/mono/unityjit-win32'
Mono config path = 'F:/Unity/6000.0.68f1/Editor/Data/MonoBleedingEdge/etc'
Using monoOptions --debugger-agent=transport=dt_socket,embedding=1,server=y,suspend=n,address=127.0.0.1:56648
Begin MonoManager ReloadAssembly
Registering precompiled unity dll's ...
Register platform support module: F:/Unity/6000.0.68f1/Editor/Data/PlaybackEngines/WindowsStandaloneSupport/UnityEditor.WindowsStandalone.Extensions.dll
Registered in 0.002019 seconds.
- Loaded All Assemblies, in  1.122 seconds
Native extension for WindowsStandalone target not found
Mono: successfully reloaded assembly
- Finished resetting the current domain, in  0.446 seconds
Domain Reload Profiling: 1569ms
	BeginReloadAssembly (757ms)
		ExecutionOrderSort (0ms)
		DisableScriptedObjects (0ms)
		BackupInstance (0ms)
		ReleaseScriptingObjects (0ms)
		CreateAndSetChildDomain (1ms)
	RebuildCommonClasses (39ms)
	RebuildNativeTypeToScriptingClass (13ms)
	initialDomainReloadingComplete (45ms)
	LoadAllAssembliesAndSetupDomain (267ms)
		LoadAssemblies (786ms)
		RebuildTransferFunctionScriptingTraits (0ms)
		AnalyzeDomain (217ms)
			TypeCache.Refresh (215ms)
				TypeCache.ScanAssembly (189ms)
			BuildScriptInfoCaches (0ms)
			ResolveRequiredComponents (1ms)
	FinalizeReload (447ms)
		ReleaseScriptCaches (0ms)
		RebuildScriptCaches (0ms)
		SetupLoadedEditorAssemblies (401ms)
			LogAssemblyErrors (0ms)
			InitializePlatformSupportModulesInManaged (24ms)
			SetLoadedEditorAssemblies (6ms)
			BeforeProcessingInitializeOnLoad (66ms)
			ProcessInitializeOnLoadAttributes (214ms)
			ProcessInitializeOnLoadMethodAttributes (91ms)
			AfterProcessingInitializeOnLoad (0ms)
			EditorAssembliesLoaded (0ms)
		ExecutionOrderSort2 (0ms)
		AwakeInstancesAfterBackupRestoration (0ms)
========================================================================
Worker process is ready to serve import requests
Import Worker Mode flag is 0x00
Begin MonoManager ReloadAssembly
[Licensing::Module] Licensing is not yet initialized.
[Licensing::Client] Handshaking with LicensingClient:
  Version:                 1.17.4+4293ba1
  Session Id:              6eb2baec580d4230aa864146ed83ca30
  Correlation Id:          b6edd256b8ee45ff34d78610c72f2021
  External correlation Id: 563748976457438070
  Machine Id:              hXBXvv1BkU7yBr7O0YcOBW1q7Uc=
[Licensing::Module] Successfully connected to LicensingClient on channel: "LicenseClient-Angelo-6000.0.68" (connect: 0.00s, validation: 0.00s, handshake: 7.93s)
[Licensing::IpcConnector] Successfully connected to: "LicenseClient-Angelo-6000.0.68-notifications" at "2026-08-14T02:33:47.3323644Z"
[Licensing::Module] Licensing Background thread has ended after 7.99s
[Licensing::Module] Licensing is initialized (took 0.06s).
[Licensing::Client] Successfully resolved entitlement details
[Licensing::Module] License group:
  Id: F4-YEK2-NSSF-8QV8-D8PA-XXXX
  Product: Unity Personal
  Type: ULF
  Expiration: Unlimited
- Loaded All Assemblies, in  2.851 seconds
Refreshing native plugins compatible for Editor in 0.63 ms, found 3 plugins.
Native extension for WindowsStandalone target not found
Package Manager log level set to [2]
[Package Manager] Failed to launch server process. Reason: Unity was launched with the -noUpm command-line argument
[Package Manager] Unable to send message (not connected to server process).
[Package Manager] Cannot connect to Unity Package Manager local server
Mono: successfully reloaded assembly
- Finished resetting the current domain, in  1.735 seconds
Domain Reload Profiling: 4586ms
	BeginReloadAssembly (246ms)
		ExecutionOrderSort (0ms)
		DisableScriptedObjects (7ms)
		BackupInstance (0ms)
		ReleaseScriptingObjects (0ms)
		CreateAndSetChildDomain (30ms)
	RebuildCommonClasses (43ms)
	RebuildNativeTypeToScriptingClass (13ms)
	initialDomainReloadingComplete (35ms)
	LoadAllAssembliesAndSetupDomain (2514ms)
		LoadAssemblies (2352ms)
		RebuildTransferFunctionScriptingTraits (0ms)
		AnalyzeDomain (262ms)
			TypeCache.Refresh (188ms)
				TypeCache.ScanAssembly (174ms)
			BuildScriptInfoCaches (60ms)
			ResolveRequiredComponents (11ms)
	FinalizeReload (1735ms)
		ReleaseScriptCaches (0ms)
		RebuildScriptCaches (0ms)
		SetupLoadedEditorAssemblies (786ms)
			LogAssemblyErrors (0ms)
			InitializePlatformSupportModulesInManaged (2ms)
			SetLoadedEditorAssemblies (7ms)
			BeforeProcessingInitializeOnLoad (219ms)
			ProcessInitializeOnLoadAttributes (505ms)
			ProcessInitializeOnLoadMethodAttributes (52ms)
			AfterProcessingInitializeOnLoad (2ms)
			EditorAssembliesLoaded (0ms)
		ExecutionOrderSort2 (0ms)
		AwakeInstancesAfterBackupRestoration (7ms)
Launched and connected shader compiler UnityShaderCompiler.exe after 0.10 seconds
Refreshing native plugins compatible for Editor in 0.65 ms, found 3 plugins.
Preloading 0 native plugins for Editor in 0.00 ms.
Unloading 13 Unused Serialized files (Serialized files now loaded: 0)
Unloading 6114 unused Assets / (4.6 MB). Loaded Objects now: 6819.
Memory consumption went from 128.7 MB to 124.1 MB.
Total: 7.749800 ms (FindLiveObjects: 0.706000 ms CreateObjectMapping: 0.329200 ms MarkObjects: 4.294300 ms  DeleteObjects: 2.419500 ms)

========================================================================
Received Import Request.
  Time since last request: 1442066.479076 seconds.
  path: Assets/Readme.asset
  artifactKey: Guid(8105016687592461f977c054a80ce2f2) Importer(815301076,1909f56bfc062723c751e8b465ee728b)
Start importing Assets/Readme.asset using Guid(8105016687592461f977c054a80ce2f2) Importer(815301076,1909f56bfc062723c751e8b465ee728b) (PreviewImporter) -> (artifact id: '7564957e633b305f4e69560a9de8e20a') in 0.0649061 seconds
Number of updated asset objects reloaded before import = 0Number of asset objects unloaded after import = 2

========================================================================
Received Import Request.
  Time since last request: 0.000021 seconds.
  path: Assets/BackgroundVideoRT.renderTexture
  artifactKey: Guid(a6051441e758fd24d8b56e8f9b662093) Importer(815301076,1909f56bfc062723c751e8b465ee728b)
Start importing Assets/BackgroundVideoRT.renderTexture using Guid(a6051441e758fd24d8b56e8f9b662093) Importer(815301076,1909f56bfc062723c751e8b465ee728b) (PreviewImporter) -> (artifact id: '33c8891e76594b46d5cae47e6e9c19f1') in 0.1068674 seconds
Number of updated asset objects reloaded before import = 0Number of asset objects unloaded after import = 2

========================================================================
Received Import Request.
  Time since last request: 124.304427 seconds.
  path: Assets/Prefabs/ChapterButtonPrefab.prefab
  artifactKey: Guid(bef0fc5b021cf5c428ff0d947ce00f1d) Importer(815301076,1909f56bfc062723c751e8b465ee728b)
Start importing Assets/Prefabs/ChapterButtonPrefab.prefab using Guid(bef0fc5b021cf5c428ff0d947ce00f1d) Importer(815301076,1909f56bfc062723c751e8b465ee728b) (PreviewImporter) -> (artifact id: '0d13dddef7bfb3ba18f66ecdca29b884') in 0.0517413 seconds
Number of updated asset objects reloaded before import = 0Number of asset objects unloaded after import = 20

========================================================================
Received Import Request.
  Time since last request: 0.000016 seconds.
  path: Assets/Prefabs/LevelButtonPrefab.prefab
  artifactKey: Guid(e2fbe1bad601f35419460c41195683d8) Importer(815301076,1909f56bfc062723c751e8b465ee728b)
Start importing Assets/Prefabs/LevelButtonPrefab.prefab using Guid(e2fbe1bad601f35419460c41195683d8) Importer(815301076,1909f56bfc062723c751e8b465ee728b) (PreviewImporter) -> (artifact id: '730596eac0af48390c2193e200f8b264') in 0.0166055 seconds
Number of updated asset objects reloaded before import = 0Number of asset objects unloaded after import = 20

========================================================================
Received Import Request.
  Time since last request: 34344.997703 seconds.
  path: Assets/Scripts/Level/SafeZoneController.cs
  artifactKey: Guid(c8459a9c1e2ba684ba9677e86d2df270) Importer(815301076,1909f56bfc062723c751e8b465ee728b)
Start importing Assets/Scripts/Level/SafeZoneController.cs using Guid(c8459a9c1e2ba684ba9677e86d2df270) Importer(815301076,1909f56bfc062723c751e8b465ee728b) (PreviewImporter) -> (artifact id: 'b7678ff8392b45405fedea12ea566406') in 0.2269241 seconds
Number of updated asset objects reloaded before import = 0Number of asset objects unloaded after import = 0

========================================================================
Received Import Request.
  Time since last request: 4904.256191 seconds.
  path: Assets/Scenes/MainMenu.unity
  artifactKey: Guid(99c9720ab356a0642a771bea13969a05) Importer(2089858483,192608db42251d675da83286b1cce702)
Start importing Assets/Scenes/MainMenu.unity using Guid(99c9720ab356a0642a771bea13969a05) Importer(2089858483,192608db42251d675da83286b1cce702) (ScriptedImporter) -> (artifact id: 'f694ea91e83acb2b0892e2b5b474f367') in 3.504861 seconds
Number of updated asset objects reloaded before import = 0Number of asset objects unloaded after import = 1

========================================================================
Received Import Request.
  Time since last request: 0.000075 seconds.
  path: Assets/TextMesh Pro/Shaders/TMPro_Surface.cginc
  artifactKey: Guid(d930090c0cd643c7b55f19a38538c162) Importer(2089858483,192608db42251d675da83286b1cce702)
Start importing Assets/TextMesh Pro/Shaders/TMPro_Surface.cginc using Guid(d930090c0cd643c7b55f19a38538c162) Importer(2089858483,192608db42251d675da83286b1cce702) (ScriptedImporter) -> (artifact id: '53aaab023ed7a6c24eab3260143ef543') in 0.0440237 seconds
Number of updated asset objects reloaded before import = 0Number of asset objects unloaded after import = 1

========================================================================
Received Import Request.
  Time since last request: 0.000026 seconds.
  path: Assets/TextMesh Pro/Resources/Fonts & Materials/LiberationSans SDF - Outline.mat
  artifactKey: Guid(79459efec17a4d00a321bdcc27bbc385) Importer(2089858483,192608db42251d675da83286b1cce702)
Start importing Assets/TextMesh Pro/Resources/Fonts & Materials/LiberationSans SDF - Outline.mat using Guid(79459efec17a4d00a321bdcc27bbc385) Importer(2089858483,192608db42251d675da83286b1cce702) (ScriptedImporter) -> (artifact id: 'bb47be299860ef890db21056778dd173') in 0.3655092 seconds
Number of updated asset objects reloaded before import = 0Number of asset objects unloaded after import = 2

========================================================================
Received Import Request.
  Time since last request: 0.000018 seconds.
  path: Assets/Scripts/UI/Pause/PauseMenuController.cs
  artifactKey: Guid(ff65c4529c4f6454fa948db9b6fe6a7a) Importer(2089858483,192608db42251d675da83286b1cce702)
Start importing Assets/Scripts/UI/Pause/PauseMenuController.cs using Guid(ff65c4529c4f6454fa948db9b6fe6a7a) Importer(2089858483,192608db42251d675da83286b1cce702) (ScriptedImporter) -> (artifact id: '1e33b7f26887d6d1ed3da15cc6ec384c') in 0.0647277 seconds
Number of updated asset objects reloaded before import = 0Number of asset objects unloaded after import = 0

========================================================================
Received Import Request.
  Time since last request: 0.000028 seconds.
  path: Assets/TextMesh Pro/Shaders/TMP_SDF-Mobile.shader
  artifactKey: Guid(fe393ace9b354375a9cb14cdbbc28be4) Importer(2089858483,192608db42251d675da83286b1cce702)
Start importing Assets/TextMesh Pro/Shaders/TMP_SDF-Mobile.shader using Guid(fe393ace9b354375a9cb14cdbbc28be4) Importer(2089858483,192608db42251d675da83286b1cce702) (ScriptedImporter) -> (artifact id: '88b91a61c31df2df614aac1ebd0178b2') in 0.1080976 seconds
Number of updated asset objects reloaded before import = 0Number of asset objects unloaded after import = 1

========================================================================
Received Import Request.
  Time since last request: 0.000017 seconds.
  path: Assets/TextMesh Pro/Shaders/TMP_SDF SSD.shader
  artifactKey: Guid(14eb328de4b8eb245bb7cea29e4ac00b) Importer(2089858483,192608db42251d675da83286b1cce702)
Start importing Assets/TextMesh Pro/Shaders/TMP_SDF SSD.shader using Guid(14eb328de4b8eb245bb7cea29e4ac00b) Importer(2089858483,192608db42251d675da83286b1cce702) (ScriptedImporter) -> (artifact id: 'e8acf1daabcab1392006c69ab54233d1') in 0.0474859 seconds
Number of updated asset objects reloaded before import = 0Number of asset objects unloaded after import = 1

========================================================================
Received Prepare
Refreshing native plugins compatible for Editor in 1.11 ms, found 3 plugins.
Preloading 0 native plugins for Editor in 0.00 ms.
Unloading 13 Unused Serialized files (Serialized files now loaded: 0)
Unloading 6106 unused Assets / (2.1 MB). Loaded Objects now: 6825.
Memory consumption went from 128.3 MB to 126.2 MB.
Total: 789.557100 ms (FindLiveObjects: 9.211100 ms CreateObjectMapping: 0.684800 ms MarkObjects: 776.773700 ms  DeleteObjects: 2.885300 ms)

Prepare: number of updated asset objects reloaded= 0
========================================================================
Received Import Request.
  Time since last request: 19.641172 seconds.
  path: Assets/TextMesh Pro/Shaders/TMP_SDF Overlay.shader
  artifactKey: Guid(dd89cf5b9246416f84610a006f916af7) Importer(2089858483,192608db42251d675da83286b1cce702)
Start importing Assets/TextMesh Pro/Shaders/TMP_SDF Overlay.shader using Guid(dd89cf5b9246416f84610a006f916af7) Importer(2089858483,192608db42251d675da83286b1cce702) (ScriptedImporter) -> (artifact id: '77956e642802eaccce0014d7ab0d9475') in 0.3001016 seconds
Number of updated asset objects reloaded before import = 0Number of asset objects unloaded after import = 1

========================================================================
Received Import Request.
  Time since last request: 0.000019 seconds.
  path: Assets/TextMesh Pro/Shaders/TMP_SDF-Mobile SSD.shader
  artifactKey: Guid(c8d12adcee749c344b8117cf7c7eb912) Importer(2089858483,192608db42251d675da83286b1cce702)
Start importing Assets/TextMesh Pro/Shaders/TMP_SDF-Mobile SSD.shader using Guid(c8d12adcee749c344b8117cf7c7eb912) Importer(2089858483,192608db42251d675da83286b1cce702) (ScriptedImporter) -> (artifact id: 'bf7f5fd7d9b5d7aac57cbf987c22583c') in 0.0133361 seconds
Number of updated asset objects reloaded before import = 0Number of asset objects unloaded after import = 1

========================================================================
Received Import Request.
  Time since last request: 0.000023 seconds.
  path: Assets/Scripts/Save/SaveSystem.cs
  artifactKey: Guid(18430e206e4292a409a09727f7b67906) Importer(2089858483,192608db42251d675da83286b1cce702)
Start importing Assets/Scripts/Save/SaveSystem.cs using Guid(18430e206e4292a409a09727f7b67906) Importer(2089858483,192608db42251d675da83286b1cce702) (ScriptedImporter) -> (artifact id: '3c53e40afcb60a58bf0e16717dae02a2') in 0.0170515 seconds
Number of updated asset objects reloaded before import = 0Number of asset objects unloaded after import = 0

========================================================================
Received Import Request.
  Time since last request: 0.000014 seconds.
  path: Assets/Audio/SFX/Perfect.wav
  artifactKey: Guid(ca87e96b90e93df48a118770ea6bbed8) Importer(2089858483,192608db42251d675da83286b1cce702)
Start importing Assets/Audio/SFX/Perfect.wav using Guid(ca87e96b90e93df48a118770ea6bbed8) Importer(2089858483,192608db42251d675da83286b1cce702) (ScriptedImporter) -> (artifact id: '03f0b5b670289cdd7d61a10062a10e23') in 0.1503224 seconds
Number of updated asset objects reloaded before import = 0Number of asset objects unloaded after import = 1

========================================================================
Received Import Request.
  Time since last request: 0.000017 seconds.
  path: Assets/Scripts/UI/MainMenu/SaveSlotSelectionController.cs
  artifactKey: Guid(47e4e820c219695479f0bf7cddd6c7b0) Importer(2089858483,192608db42251d675da83286b1cce702)
Start importing Assets/Scripts/UI/MainMenu/SaveSlotSelectionController.cs using Guid(47e4e820c219695479f0bf7cddd6c7b0) Importer(2089858483,192608db42251d675da83286b1cce702) (ScriptedImporter) -> (artifact id: '4d41aa7c317c12e0b3023bd15d73eed0') in 0.0133701 seconds
Number of updated asset objects reloaded before import = 0Number of asset objects unloaded after import = 0

========================================================================
Received Import Request.
  Time since last request: 0.000023 seconds.
  path: Assets/Settings/PC_RPAsset.asset
  artifactKey: Guid(4b83569d67af61e458304325a23e5dfd) Importer(2089858483,192608db42251d675da83286b1cce702)
Start importing Assets/Settings/PC_RPAsset.asset using Guid(4b83569d67af61e458304325a23e5dfd) Importer(2089858483,192608db42251d675da83286b1cce702) (ScriptedImporter) -> (artifact id: 'c737b9140244bb04ac46ac6748e43e8d') in 0.2973715 seconds
Number of updated asset objects reloaded before import = 0Number of asset objects unloaded after import = 1

========================================================================
Received Import Request.
  Time since last request: 0.000018 seconds.
  path: Assets/TextMesh Pro/Resources/Fonts & Materials/LiberationSans SDF - Fallback.asset
  artifactKey: Guid(2e498d1c8094910479dc3e1b768306a4) Importer(2089858483,192608db42251d675da83286b1cce702)
Start importing Assets/TextMesh Pro/Resources/Fonts & Materials/LiberationSans SDF - Fallback.asset using Guid(2e498d1c8094910479dc3e1b768306a4) Importer(2089858483,192608db42251d675da83286b1cce702) (ScriptedImporter) -> (artifact id: '0eec63fc330fdd3cd61fe2253d385593') in 0.0919606 seconds
Number of updated asset objects reloaded before import = 0Number of asset objects unloaded after import = 5

========================================================================
Received Import Request.
  Time since last request: 0.000030 seconds.
  path: Assets/TextMesh Pro/Shaders/TMP_Bitmap-Mobile.shader
  artifactKey: Guid(1e3b057af24249748ff873be7fafee47) Importer(2089858483,192608db42251d675da83286b1cce702)
Start importing Assets/TextMesh Pro/Shaders/TMP_Bitmap-Mobile.shader using Guid(1e3b057af24249748ff873be7fafee47) Importer(2089858483,192608db42251d675da83286b1cce702) (ScriptedImporter) -> (artifact id: '181bb804245138b191acef27f09eb4ae') in 0.0143643 seconds
Number of updated asset objects reloaded before import = 0Number of asset objects unloaded after import = 1

========================================================================
Received Import Request.
  Time since last request: 0.000015 seconds.
  path: Assets/TutorialInfo/Scripts/Readme.cs
  artifactKey: Guid(fcf7219bab7fe46a1ad266029b2fee19) Importer(2089858483,192608db42251d675da83286b1cce702)
Start importing Assets/TutorialInfo/Scripts/Readme.cs using Guid(fcf7219bab7fe46a1ad266029b2fee19) Importer(2089858483,192608db42251d675da83286b1cce702) (ScriptedImporter) -> (artifact id: 'bee23a7401be83d775b1afff54aa6d9a') in 0.0208735 seconds
Number of updated asset objects reloaded before import = 0Number of asset objects unloaded after import = 0

========================================================================
Received Import Request.
  Time since last request: 0.000014 seconds.
  path: Assets/Scripts/Level/LevelManager.cs
  artifactKey: Guid(430c7cc1721cf314699c11b240e3f876) Importer(2089858483,192608db42251d675da83286b1cce702)
Start importing Assets/Scripts/Level/LevelManager.cs using Guid(430c7cc1721cf314699c11b240e3f876) Importer(2089858483,192608db42251d675da83286b1cce702) (ScriptedImporter) -> (artifact id: '6efc85b004e1486a2ce3bf60201ad265') in 0.0479624 seconds
Number of updated asset objects reloaded before import = 0Number of asset objects unloaded after import = 0

========================================================================
Received Import Request.
  Time since last request: 0.000018 seconds.
  path: Assets/TextMesh Pro/Resources/Sprite Assets/EmojiOne.asset
  artifactKey: Guid(c41005c129ba4d66911b75229fd70b45) Importer(2089858483,192608db42251d675da83286b1cce702)
Start importing Assets/TextMesh Pro/Resources/Sprite Assets/EmojiOne.asset using Guid(c41005c129ba4d66911b75229fd70b45) Importer(2089858483,192608db42251d675da83286b1cce702) (ScriptedImporter) -> (artifact id: '5a9bea9dcf2a2265970a04984a016074') in 0.04456 seconds
Number of updated asset objects reloaded before import = 0Number of asset objects unloaded after import = 3

========================================================================
Received Import Request.
  Time since last request: 0.000024 seconds.
  path: Assets/TextMesh Pro/Resources
  artifactKey: Guid(243e06394e614e5d99fab26083b707fa) Importer(2089858483,192608db42251d675da83286b1cce702)
Start importing Assets/TextMesh Pro/Resources using Guid(243e06394e614e5d99fab26083b707fa) Importer(2089858483,192608db42251d675da83286b1cce702) (ScriptedImporter) -> (artifact id: '75a344ae78b6685426401daff8900ad6') in 0.0231221 seconds
Number of updated asset objects reloaded before import = 0Number of asset objects unloaded after import = 1

========================================================================
Received Import Request.
  Time since last request: 0.000015 seconds.
  path: Assets/Settings/Mobile_Renderer.asset
  artifactKey: Guid(65bc7dbf4170f435aa868c779acfb082) Importer(2089858483,192608db42251d675da83286b1cce702)
Start importing Assets/Settings/Mobile_Renderer.asset using Guid(65bc7dbf4170f435aa868c779acfb082) Importer(2089858483,192608db42251d675da83286b1cce702) (ScriptedImporter) -> (artifact id: 'da9753f964fc99a9b425c5c8930c8e7e') in 0.1599254 seconds
Number of updated asset objects reloaded before import = 0Number of asset objects unloaded after import = 1

========================================================================
Received Import Request.
  Time since last request: 0.000019 seconds.
  path: Assets/Prefabs/LevelButtonPrefab.prefab
  artifactKey: Guid(e2fbe1bad601f35419460c41195683d8) Importer(2089858483,192608db42251d675da83286b1cce702)
Start importing Assets/Prefabs/LevelButtonPrefab.prefab using Guid(e2fbe1bad601f35419460c41195683d8) Importer(2089858483,192608db42251d675da83286b1cce702) (ScriptedImporter) -> (artifact id: '73d3f8bb9d33918fea843c09f5bdfc14') in 0.4419963 seconds
Number of updated asset objects reloaded before import = 0Number of asset objects unloaded after import = 20

========================================================================
Received Import Request.
  Time since last request: 0.000026 seconds.
  path: Assets/TextMesh Pro/Shaders/TMP_SDF-Surface.shader
  artifactKey: Guid(f7ada0af4f174f0694ca6a487b8f543d) Importer(2089858483,192608db42251d675da83286b1cce702)
Start importing Assets/TextMesh Pro/Shaders/TMP_SDF-Surface.shader using Guid(f7ada0af4f174f0694ca6a487b8f543d) Importer(2089858483,192608db42251d675da83286b1cce702) (ScriptedImporter) -> (artifact id: '75c7c1ca11fe422e98fd7ad57a10fdcb') in 0.0135725 seconds
Number of updated asset objects reloaded before import = 0Number of asset objects unloaded after import = 1

========================================================================
Received Import Request.
  Time since last request: 0.000014 seconds.
  path: Assets/Scripts/Core/GameSettings.cs
  artifactKey: Guid(ea82473b1d25abb4395b89295d87d193) Importer(815301076,1909f56bfc062723c751e8b465ee728b)
Start importing Assets/Scripts/Core/GameSettings.cs using Guid(ea82473b1d25abb4395b89295d87d193) Importer(815301076,1909f56bfc062723c751e8b465ee728b) (PreviewImporter) -> (artifact id: '022848edcb6f69fbcb3232a304351987') in 0.0007317 seconds
Number of updated asset objects reloaded before import = 0Number of asset objects unloaded after import = 0

========================================================================
Received Import Request.
  Time since last request: 5.721804 seconds.
  path: Assets/Scenes/Tutorial Level 2.unity
  artifactKey: Guid(265aab8e9bce7c9469f01946c778002c) Importer(2089858483,192608db42251d675da83286b1cce702)
Start importing Assets/Scenes/Tutorial Level 2.unity using Guid(265aab8e9bce7c9469f01946c778002c) Importer(2089858483,192608db42251d675da83286b1cce702) (ScriptedImporter) -> (artifact id: '78c9a417cdd1503907f44dc7ff10d4c3') in 1.219298 seconds
Number of updated asset objects reloaded before import = 0Number of asset objects unloaded after import = 1

========================================================================
Received Import Request.
  Time since last request: 0.000027 seconds.
  path: Assets/TutorialInfo/Scripts/Editor/ReadmeEditor.cs
  artifactKey: Guid(476cc7d7cd9874016adc216baab94a0a) Importer(2089858483,192608db42251d675da83286b1cce702)
Start importing Assets/TutorialInfo/Scripts/Editor/ReadmeEditor.cs using Guid(476cc7d7cd9874016adc216baab94a0a) Importer(2089858483,192608db42251d675da83286b1cce702) (ScriptedImporter) -> (artifact id: 'bddc80c619890eb727973dfbcb60541b') in 0.0134209 seconds
Number of updated asset objects reloaded before import = 0Number of asset objects unloaded after import = 0

========================================================================
Received Import Request.
  Time since last request: 0.000019 seconds.
  path: Assets/TextMesh Pro/Fonts/LiberationSans - OFL.txt
  artifactKey: Guid(6e59c59b81ab47f9b6ec5781fa725d2c) Importer(2089858483,192608db42251d675da83286b1cce702)
Start importing Assets/TextMesh Pro/Fonts/LiberationSans - OFL.txt using Guid(6e59c59b81ab47f9b6ec5781fa725d2c) Importer(2089858483,192608db42251d675da83286b1cce702) (ScriptedImporter) -> (artifact id: '03879b6b78521a95b48a0938d7f68614') in 0.0801604 seconds
Number of updated asset objects reloaded before import = 0Number of asset objects unloaded after import = 1

========================================================================
Received Import Request.
  Time since last request: 0.000020 seconds.
  path: Assets/Settings/PC_Renderer.asset
  artifactKey: Guid(f288ae1f4751b564a96ac7587541f7a2) Importer(2089858483,192608db42251d675da83286b1cce702)
Start importing Assets/Settings/PC_Renderer.asset using Guid(f288ae1f4751b564a96ac7587541f7a2) Importer(2089858483,192608db42251d675da83286b1cce702) (ScriptedImporter) -> (artifact id: '24d16f4ee5aa978d68f3fce69f17c9b9') in 0.5400908 seconds
Number of updated asset objects reloaded before import = 0Number of asset objects unloaded after import = 1

========================================================================
Received Import Request.
  Time since last request: 0.000024 seconds.
  path: Assets/Settings/DefaultVolumeProfile.asset
  artifactKey: Guid(ab09877e2e707104187f6f83e2f62510) Importer(2089858483,192608db42251d675da83286b1cce702)
Start importing Assets/Settings/DefaultVolumeProfile.asset using Guid(ab09877e2e707104187f6f83e2f62510) Importer(2089858483,192608db42251d675da83286b1cce702) (ScriptedImporter) -> (artifact id: '99ed6ffe9ec05719f51144012815cb86') in 0.0174727 seconds
Number of updated asset objects reloaded before import = 0Number of asset objects unloaded after import = 0

========================================================================
Received Prepare
Refreshing native plugins compatible for Editor in 0.67 ms, found 3 plugins.
Preloading 0 native plugins for Editor in 0.00 ms.
Unloading 13 Unused Serialized files (Serialized files now loaded: 0)
Unloading 6108 unused Assets / (4.4 MB). Loaded Objects now: 6827.
Memory consumption went from 128.6 MB to 124.1 MB.
Total: 8.510500 ms (FindLiveObjects: 0.714700 ms CreateObjectMapping: 0.336900 ms MarkObjects: 5.403700 ms  DeleteObjects: 2.054000 ms)

Prepare: number of updated asset objects reloaded= 0
========================================================================
Received Import Request.
  Time since last request: 4.232955 seconds.
  path: Assets/Prefabs/ChapterButtonPrefab.prefab
  artifactKey: Guid(bef0fc5b021cf5c428ff0d947ce00f1d) Importer(2089858483,192608db42251d675da83286b1cce702)
Start importing Assets/Prefabs/ChapterButtonPrefab.prefab using Guid(bef0fc5b021cf5c428ff0d947ce00f1d) Importer(2089858483,192608db42251d675da83286b1cce702) (ScriptedImporter) -> (artifact id: 'f7ce8e0c6fbe0e4b4c596abe5ea3e27e') in 0.1580251 seconds
Number of updated asset objects reloaded before import = 0Number of asset objects unloaded after import = 20

========================================================================
Received Import Request.
  Time since last request: 0.000019 seconds.
  path: Assets/Audio/SFX/Bad.wav
  artifactKey: Guid(1940e663d7768144f8307fa406e95393) Importer(2089858483,192608db42251d675da83286b1cce702)
Start importing Assets/Audio/SFX/Bad.wav using Guid(1940e663d7768144f8307fa406e95393) Importer(2089858483,192608db42251d675da83286b1cce702) (ScriptedImporter) -> (artifact id: 'cc509200787ecefaff06e82961ca8c14') in 0.0845506 seconds
Number of updated asset objects reloaded before import = 0Number of asset objects unloaded after import = 1

========================================================================
Received Import Request.
  Time since last request: 0.000024 seconds.
  path: Assets/TextMesh Pro/Resources/Fonts & Materials/LiberationSans SDF - Drop Shadow.mat
  artifactKey: Guid(e73a58f6e2794ae7b1b7e50b7fb811b0) Importer(2089858483,192608db42251d675da83286b1cce702)
Start importing Assets/TextMesh Pro/Resources/Fonts & Materials/LiberationSans SDF - Drop Shadow.mat using Guid(e73a58f6e2794ae7b1b7e50b7fb811b0) Importer(2089858483,192608db42251d675da83286b1cce702) (ScriptedImporter) -> (artifact id: 'ffc32ee9984732fcf533c05d1744bd85') in 0.104137 seconds
Number of updated asset objects reloaded before import = 0Number of asset objects unloaded after import = 2

========================================================================
Received Import Request.
  Time since last request: 0.000014 seconds.
  path: Assets/Settings/UniversalRenderPipelineGlobalSettings.asset
  artifactKey: Guid(18dc0cd2c080841dea60987a38ce93fa) Importer(2089858483,192608db42251d675da83286b1cce702)
Start importing Assets/Settings/UniversalRenderPipelineGlobalSettings.asset using Guid(18dc0cd2c080841dea60987a38ce93fa) Importer(2089858483,192608db42251d675da83286b1cce702) (ScriptedImporter) -> (artifact id: 'a24bbb948e27ac319f3dcd5a64fa54c6') in 0.3012101 seconds
Number of updated asset objects reloaded before import = 0Number of asset objects unloaded after import = 0

========================================================================
Received Import Request.
  Time since last request: 0.000024 seconds.
  path: Assets/TutorialInfo/Layout.wlt
  artifactKey: Guid(eabc9546105bf4accac1fd62a63e88e6) Importer(2089858483,192608db42251d675da83286b1cce702)
Start importing Assets/TutorialInfo/Layout.wlt using Guid(eabc9546105bf4accac1fd62a63e88e6) Importer(2089858483,192608db42251d675da83286b1cce702) (ScriptedImporter) -> (artifact id: '87978bf6e8efcbceb8658b900e4d516a') in 0.0575669 seconds
Number of updated asset objects reloaded before import = 0Number of asset objects unloaded after import = 1

========================================================================
Received Import Request.
  Time since last request: 0.000017 seconds.
  path: Assets/Scripts/Gameplay/BillboardSprite.cs
  artifactKey: Guid(e06110dd3cd934c4b8617c7a9a4f804e) Importer(2089858483,192608db42251d675da83286b1cce702)
Start importing Assets/Scripts/Gameplay/BillboardSprite.cs using Guid(e06110dd3cd934c4b8617c7a9a4f804e) Importer(2089858483,192608db42251d675da83286b1cce702) (ScriptedImporter) -> (artifact id: '5889de11bffec4e6ef17e16f1274d575') in 0.0145006 seconds
Number of updated asset objects reloaded before import = 0Number of asset objects unloaded after import = 0

========================================================================
Received Import Request.
  Time since last request: 0.000018 seconds.
  path: Assets/TextMesh Pro/Shaders/TMP_SDF-URP Unlit.shadergraph
  artifactKey: Guid(124c112a6e8f1a54e8b0870e881b56d8) Importer(2089858483,192608db42251d675da83286b1cce702)
Start importing Assets/TextMesh Pro/Shaders/TMP_SDF-URP Unlit.shadergraph using Guid(124c112a6e8f1a54e8b0870e881b56d8) Importer(2089858483,192608db42251d675da83286b1cce702) (ScriptedImporter) -> (artifact id: 'c7b1bec72bc00b846fc8dd5be383309e') in 0.104715 seconds
Number of updated asset objects reloaded before import = 0Number of asset objects unloaded after import = 4

========================================================================
Received Import Request.
  Time since last request: 0.000031 seconds.
  path: Assets/Scripts/UI/MainMenu/MainMenuController.cs
  artifactKey: Guid(0d7f478b7f739ed4ea86b4c8ec944745) Importer(2089858483,192608db42251d675da83286b1cce702)
Start importing Assets/Scripts/UI/MainMenu/MainMenuController.cs using Guid(0d7f478b7f739ed4ea86b4c8ec944745) Importer(2089858483,192608db42251d675da83286b1cce702) (ScriptedImporter) -> (artifact id: '5514114d01828ab0ea9e8169ddeee10b') in 0.0126417 seconds
Number of updated asset objects reloaded before import = 0Number of asset objects unloaded after import = 0

========================================================================
Received Import Request.
  Time since last request: 0.000016 seconds.
  path: Assets/TextMesh Pro/Shaders/SDFFunctions.hlsl
  artifactKey: Guid(96de908384869cd409c75efa351d5edf) Importer(2089858483,192608db42251d675da83286b1cce702)
Start importing Assets/TextMesh Pro/Shaders/SDFFunctions.hlsl using Guid(96de908384869cd409c75efa351d5edf) Importer(2089858483,192608db42251d675da83286b1cce702) (ScriptedImporter) -> (artifact id: '9f33186f5e0c0aca98f651ef117c3fee') in 0.0771714 seconds
Number of updated asset objects reloaded before import = 0Number of asset objects unloaded after import = 1

========================================================================
Received Import Request.
  Time since last request: 0.000018 seconds.
  path: Assets/Scripts/Level/SafeZoneController.cs
  artifactKey: Guid(c8459a9c1e2ba684ba9677e86d2df270) Importer(2089858483,192608db42251d675da83286b1cce702)
Start importing Assets/Scripts/Level/SafeZoneController.cs using Guid(c8459a9c1e2ba684ba9677e86d2df270) Importer(2089858483,192608db42251d675da83286b1cce702) (ScriptedImporter) -> (artifact id: 'c2bb68820e1465417723c11948bd252c') in 0.0180417 seconds
Number of updated asset objects reloaded before import = 0Number of asset objects unloaded after import = 0

========================================================================
Received Import Request.
  Time since last request: 0.000017 seconds.
  path: Assets/Audio/SFX/Win.wav
  artifactKey: Guid(d5cbed9af259ccc46ac3384db87b7580) Importer(2089858483,192608db42251d675da83286b1cce702)
Start importing Assets/Audio/SFX/Win.wav using Guid(d5cbed9af259ccc46ac3384db87b7580) Importer(2089858483,192608db42251d675da83286b1cce702) (ScriptedImporter) -> (artifact id: '9d44b1e4ca9f37c969a941825bc5b372') in 0.0628777 seconds
Number of updated asset objects reloaded before import = 0Number of asset objects unloaded after import = 1

========================================================================
Received Import Request.
  Time since last request: 0.000032 seconds.
  path: Assets/Scripts/EnemyController.cs
  artifactKey: Guid(cf8831557753f824fb053ca0b2e71ae5) Importer(2089858483,192608db42251d675da83286b1cce702)
Start importing Assets/Scripts/EnemyController.cs using Guid(cf8831557753f824fb053ca0b2e71ae5) Importer(2089858483,192608db42251d675da83286b1cce702) (ScriptedImporter) -> (artifact id: '768b552b61624a5b5df8878c47cf585a') in 0.0142834 seconds
Number of updated asset objects reloaded before import = 0Number of asset objects unloaded after import = 0

========================================================================
Received Import Request.
  Time since last request: 0.000017 seconds.
  path: Assets/Prefabs/LightEnemy.prefab
  artifactKey: Guid(f81c5e4818bab8a49a2d8203b390b60b) Importer(2089858483,192608db42251d675da83286b1cce702)
Start importing Assets/Prefabs/LightEnemy.prefab using Guid(f81c5e4818bab8a49a2d8203b390b60b) Importer(2089858483,192608db42251d675da83286b1cce702) (ScriptedImporter) -> (artifact id: '78fc202f45560e19ca1bff4e12c3f5cb') in 0.1443053 seconds
Number of updated asset objects reloaded before import = 0Number of asset objects unloaded after import = 13

========================================================================
Received Import Request.
  Time since last request: 0.000021 seconds.
  path: Assets/InputSystem_Actions.inputactions
  artifactKey: Guid(052faaac586de48259a63d0c4782560b) Importer(2089858483,192608db42251d675da83286b1cce702)
Start importing Assets/InputSystem_Actions.inputactions using Guid(052faaac586de48259a63d0c4782560b) Importer(2089858483,192608db42251d675da83286b1cce702) (ScriptedImporter) -> (artifact id: '630663612784002a2d55768497f4e9d3') in 3.6253169 seconds
Number of updated asset objects reloaded before import = 0Number of asset objects unloaded after import = 22

========================================================================
Received Import Request.
  Time since last request: 0.000025 seconds.
  path: Assets/Audio/SFX/Good.wav
  artifactKey: Guid(17fa3a7693d217045bf046c2ea341977) Importer(2089858483,192608db42251d675da83286b1cce702)
Start importing Assets/Audio/SFX/Good.wav using Guid(17fa3a7693d217045bf046c2ea341977) Importer(2089858483,192608db42251d675da83286b1cce702) (ScriptedImporter) -> (artifact id: '0304a5dc3fed5a21e90562cc4aaa7e64') in 0.1279828 seconds
Number of updated asset objects reloaded before import = 0Number of asset objects unloaded after import = 1

========================================================================
Received Import Request.
  Time since last request: 0.000018 seconds.
  path: Assets/TextMesh Pro/Shaders/TMP_SDF-HDRP UNLIT.shadergraph
  artifactKey: Guid(f63d574838ccfb44f84acc05fed0af48) Importer(2089858483,192608db42251d675da83286b1cce702)
Start importing Assets/TextMesh Pro/Shaders/TMP_SDF-HDRP UNLIT.shadergraph using Guid(f63d574838ccfb44f84acc05fed0af48) Importer(2089858483,192608db42251d675da83286b1cce702) (ScriptedImporter) -> (artifact id: '65938ba8a4515370819dbef30998b887') in 0.1660995 seconds
Number of updated asset objects reloaded before import = 0Number of asset objects unloaded after import = 3

========================================================================
Received Import Request.
  Time since last request: 0.000015 seconds.
  path: Assets/TextMesh Pro/Shaders/TMP_Sprite.shader
  artifactKey: Guid(cf81c85f95fe47e1a27f6ae460cf182c) Importer(2089858483,192608db42251d675da83286b1cce702)
Start importing Assets/TextMesh Pro/Shaders/TMP_Sprite.shader using Guid(cf81c85f95fe47e1a27f6ae460cf182c) Importer(2089858483,192608db42251d675da83286b1cce702) (ScriptedImporter) -> (artifact id: '31dfa706584a08c45ccdea31e5007e2c') in 0.080501 seconds
Number of updated asset objects reloaded before import = 0Number of asset objects unloaded after import = 1

========================================================================
Received Import Request.
  Time since last request: 0.000022 seconds.
  path: Assets/TextMesh Pro/Sprites/EmojiOne Attribution.txt
  artifactKey: Guid(381dcb09d5029d14897e55f98031fca5) Importer(2089858483,192608db42251d675da83286b1cce702)
Start importing Assets/TextMesh Pro/Sprites/EmojiOne Attribution.txt using Guid(381dcb09d5029d14897e55f98031fca5) Importer(2089858483,192608db42251d675da83286b1cce702) (ScriptedImporter) -> (artifact id: '8a49f329dc2ea18991c586b9c8d0fa86') in 0.1156266 seconds
Number of updated asset objects reloaded before import = 0Number of asset objects unloaded after import = 1

========================================================================
Received Prepare
Begin MonoManager ReloadAssembly
[Licensing::Client] Successfully resolved entitlement details
- Loaded All Assemblies, in  3.394 seconds
Refreshing native plugins compatible for Editor in 0.67 ms, found 3 plugins.
Native extension for WindowsStandalone target not found
[Package Manager] Failed to launch server process. Reason: Unity was launched with the -noUpm command-line argument
[Package Manager] Unable to send message (not connected to server process).
[Package Manager] Cannot connect to Unity Package Manager local server
Mono: successfully reloaded assembly
- Finished resetting the current domain, in  1.210 seconds
Domain Reload Profiling: 4608ms
	BeginReloadAssembly (1191ms)
		ExecutionOrderSort (0ms)
		DisableScriptedObjects (14ms)
		BackupInstance (0ms)
		ReleaseScriptingObjects (0ms)
		CreateAndSetChildDomain (198ms)
	RebuildCommonClasses (36ms)
	RebuildNativeTypeToScriptingClass (14ms)
	initialDomainReloadingComplete (33ms)
	LoadAllAssembliesAndSetupDomain (2123ms)
		LoadAssemblies (2750ms)
		RebuildTransferFunctionScriptingTraits (0ms)
		AnalyzeDomain (257ms)
			TypeCache.Refresh (45ms)
				TypeCache.ScanAssembly (1ms)
			BuildScriptInfoCaches (180ms)
			ResolveRequiredComponents (12ms)
	FinalizeReload (1210ms)
		ReleaseScriptCaches (0ms)
		RebuildScriptCaches (0ms)
		SetupLoadedEditorAssemblies (841ms)
			LogAssemblyErrors (0ms)
			InitializePlatformSupportModulesInManaged (2ms)
			SetLoadedEditorAssemblies (8ms)
			BeforeProcessingInitializeOnLoad (261ms)
			ProcessInitializeOnLoadAttributes (502ms)
			ProcessInitializeOnLoadMethodAttributes (65ms)
			AfterProcessingInitializeOnLoad (3ms)
			EditorAssembliesLoaded (0ms)
		ExecutionOrderSort2 (0ms)
		AwakeInstancesAfterBackupRestoration (16ms)
Refreshing native plugins compatible for Editor in 0.76 ms, found 3 plugins.
Preloading 0 native plugins for Editor in 0.00 ms.
Unloading 13 Unused Serialized files (Serialized files now loaded: 0)
Unloading 6114 unused Assets / (4.7 MB). Loaded Objects now: 6844.
Memory consumption went from 140.4 MB to 135.7 MB.
Total: 9.252700 ms (FindLiveObjects: 0.795200 ms CreateObjectMapping: 0.366600 ms MarkObjects: 4.910100 ms  DeleteObjects: 3.179400 ms)

Prepare: number of updated asset objects reloaded= 0
========================================================================
Received Prepare
Refreshing native plugins compatible for Editor in 0.72 ms, found 3 plugins.
Preloading 0 native plugins for Editor in 0.00 ms.
Unloading 13 Unused Serialized files (Serialized files now loaded: 0)
Unloading 6107 unused Assets / (4.3 MB). Loaded Objects now: 6845.
Memory consumption went from 140.6 MB to 136.3 MB.
Total: 7.738100 ms (FindLiveObjects: 0.771100 ms CreateObjectMapping: 0.348500 ms MarkObjects: 4.304700 ms  DeleteObjects: 2.312600 ms)

Prepare: number of updated asset objects reloaded= 0
========================================================================
Received Prepare
Begin MonoManager ReloadAssembly
[Licensing::Client] Successfully resolved entitlement details
- Loaded All Assemblies, in  0.991 seconds
Refreshing native plugins compatible for Editor in 0.65 ms, found 3 plugins.
Native extension for WindowsStandalone target not found
[Package Manager] Failed to launch server process. Reason: Unity was launched with the -noUpm command-line argument
[Package Manager] Unable to send message (not connected to server process).
[Package Manager] Cannot connect to Unity Package Manager local server
Mono: successfully reloaded assembly
- Finished resetting the current domain, in  0.804 seconds
Domain Reload Profiling: 1798ms
	BeginReloadAssembly (212ms)
		ExecutionOrderSort (0ms)
		DisableScriptedObjects (6ms)
		BackupInstance (0ms)
		ReleaseScriptingObjects (0ms)
		CreateAndSetChildDomain (48ms)
	RebuildCommonClasses (36ms)
	RebuildNativeTypeToScriptingClass (14ms)
	initialDomainReloadingComplete (26ms)
	LoadAllAssembliesAndSetupDomain (707ms)
		LoadAssemblies (630ms)
		RebuildTransferFunctionScriptingTraits (0ms)
		AnalyzeDomain (178ms)
			TypeCache.Refresh (8ms)
				TypeCache.ScanAssembly (1ms)
			BuildScriptInfoCaches (155ms)
			ResolveRequiredComponents (11ms)
	FinalizeReload (804ms)
		ReleaseScriptCaches (0ms)
		RebuildScriptCaches (0ms)
		SetupLoadedEditorAssemblies (659ms)
			LogAssemblyErrors (0ms)
			InitializePlatformSupportModulesInManaged (2ms)
			SetLoadedEditorAssemblies (6ms)
			BeforeProcessingInitializeOnLoad (203ms)
			ProcessInitializeOnLoadAttributes (399ms)
			ProcessInitializeOnLoadMethodAttributes (47ms)
			AfterProcessingInitializeOnLoad (3ms)
			EditorAssembliesLoaded (0ms)
		ExecutionOrderSort2 (0ms)
		AwakeInstancesAfterBackupRestoration (15ms)
Refreshing native plugins compatible for Editor in 0.75 ms, found 3 plugins.
Preloading 0 native plugins for Editor in 0.00 ms.
Unloading 13 Unused Serialized files (Serialized files now loaded: 0)
Unloading 6113 unused Assets / (4.2 MB). Loaded Objects now: 6848.
Memory consumption went from 142.3 MB to 138.1 MB.
Total: 8.093100 ms (FindLiveObjects: 0.774900 ms CreateObjectMapping: 0.355600 ms MarkObjects: 4.425200 ms  DeleteObjects: 2.536000 ms)

Prepare: number of updated asset objects reloaded= 0
========================================================================
Received Import Request.
  Time since last request: 595.908319 seconds.
  path: Assets/Scripts/Core/Base/NewScriptableObjectScript.cs
  artifactKey: Guid(de1c2c9b195a15e488801520484c8903) Importer(815301076,1909f56bfc062723c751e8b465ee728b)
Start importing Assets/Scripts/Core/Base/NewScriptableObjectScript.cs using Guid(de1c2c9b195a15e488801520484c8903) Importer(815301076,1909f56bfc062723c751e8b465ee728b) (PreviewImporter) -> (artifact id: '68b8af928a082adfc53984f26a9b312a') in 0.0187531 seconds
Number of updated asset objects reloaded before import = 0Number of asset objects unloaded after import = 0

========================================================================
Received Prepare
Refreshing native plugins compatible for Editor in 0.71 ms, found 3 plugins.
Preloading 0 native plugins for Editor in 0.00 ms.
Unloading 13 Unused Serialized files (Serialized files now loaded: 0)
Unloading 6106 unused Assets / (4.3 MB). Loaded Objects now: 6847.
Memory consumption went from 142.5 MB to 138.3 MB.
Total: 7.838300 ms (FindLiveObjects: 0.759000 ms CreateObjectMapping: 0.337400 ms MarkObjects: 4.333300 ms  DeleteObjects: 2.407400 ms)

Prepare: number of updated asset objects reloaded= 0
========================================================================
Received Prepare
Begin MonoManager ReloadAssembly
- Loaded All Assemblies, in  0.740 seconds
Refreshing native plugins compatible for Editor in 0.60 ms, found 3 plugins.
Native extension for WindowsStandalone target not found
[Package Manager] Failed to launch server process. Reason: Unity was launched with the -noUpm command-line argument
[Package Manager] Unable to send message (not connected to server process).
[Package Manager] Cannot connect to Unity Package Manager local server
Mono: successfully reloaded assembly
- Finished resetting the current domain, in  0.805 seconds
Domain Reload Profiling: 1547ms
	BeginReloadAssembly (212ms)
		ExecutionOrderSort (0ms)
		DisableScriptedObjects (6ms)
		BackupInstance (0ms)
		ReleaseScriptingObjects (0ms)
		CreateAndSetChildDomain (47ms)
	RebuildCommonClasses (38ms)
	RebuildNativeTypeToScriptingClass (13ms)
	initialDomainReloadingComplete (24ms)
	LoadAllAssembliesAndSetupDomain (456ms)
		LoadAssemblies (355ms)
		RebuildTransferFunctionScriptingTraits (0ms)
		AnalyzeDomain (206ms)
			TypeCache.Refresh (10ms)
				TypeCache.ScanAssembly (1ms)
			BuildScriptInfoCaches (181ms)
			ResolveRequiredComponents (11ms)
	FinalizeReload (805ms)
		ReleaseScriptCaches (0ms)
		RebuildScriptCaches (0ms)
		SetupLoadedEditorAssemblies (656ms)
			LogAssemblyErrors (0ms)
			InitializePlatformSupportModulesInManaged (2ms)
			SetLoadedEditorAssemblies (7ms)
			BeforeProcessingInitializeOnLoad (203ms)
			ProcessInitializeOnLoadAttributes (393ms)
			ProcessInitializeOnLoadMethodAttributes (48ms)
			AfterProcessingInitializeOnLoad (2ms)
			EditorAssembliesLoaded (0ms)
		ExecutionOrderSort2 (0ms)
		AwakeInstancesAfterBackupRestoration (17ms)
Refreshing native plugins compatible for Editor in 0.65 ms, found 3 plugins.
Preloading 0 native plugins for Editor in 0.00 ms.
Unloading 13 Unused Serialized files (Serialized files now loaded: 0)
Unloading 6112 unused Assets / (4.3 MB). Loaded Objects now: 6850.
Memory consumption went from 142.4 MB to 138.1 MB.
Total: 7.654800 ms (FindLiveObjects: 0.830300 ms CreateObjectMapping: 0.456300 ms MarkObjects: 4.057700 ms  DeleteObjects: 2.296300 ms)

Prepare: number of updated asset objects reloaded= 0
========================================================================
Received Prepare
Begin MonoManager ReloadAssembly
- Loaded All Assemblies, in  0.756 seconds
Refreshing native plugins compatible for Editor in 0.62 ms, found 3 plugins.
Native extension for WindowsStandalone target not found
[Package Manager] Failed to launch server process. Reason: Unity was launched with the -noUpm command-line argument
[Package Manager] Unable to send message (not connected to server process).
[Package Manager] Cannot connect to Unity Package Manager local server
Mono: successfully reloaded assembly
- Finished resetting the current domain, in  0.820 seconds
Domain Reload Profiling: 1578ms
	BeginReloadAssembly (218ms)
		ExecutionOrderSort (0ms)
		DisableScriptedObjects (6ms)
		BackupInstance (0ms)
		ReleaseScriptingObjects (0ms)
		CreateAndSetChildDomain (45ms)
	RebuildCommonClasses (37ms)
	RebuildNativeTypeToScriptingClass (14ms)
	initialDomainReloadingComplete (25ms)
	LoadAllAssembliesAndSetupDomain (464ms)
		LoadAssemblies (374ms)
		RebuildTransferFunctionScriptingTraits (0ms)
		AnalyzeDomain (192ms)
			TypeCache.Refresh (9ms)
				TypeCache.ScanAssembly (1ms)
			BuildScriptInfoCaches (169ms)
			ResolveRequiredComponents (11ms)
	FinalizeReload (820ms)
		ReleaseScriptCaches (0ms)
		RebuildScriptCaches (0ms)
		SetupLoadedEditorAssemblies (669ms)
			LogAssemblyErrors (0ms)
			InitializePlatformSupportModulesInManaged (2ms)
			SetLoadedEditorAssemblies (6ms)
			BeforeProcessingInitializeOnLoad (205ms)
			ProcessInitializeOnLoadAttributes (406ms)
			ProcessInitializeOnLoadMethodAttributes (47ms)
			AfterProcessingInitializeOnLoad (2ms)
			EditorAssembliesLoaded (0ms)
		ExecutionOrderSort2 (0ms)
		AwakeInstancesAfterBackupRestoration (15ms)
Refreshing native plugins compatible for Editor in 0.69 ms, found 3 plugins.
Preloading 0 native plugins for Editor in 0.00 ms.
Unloading 13 Unused Serialized files (Serialized files now loaded: 0)
Unloading 6112 unused Assets / (4.3 MB). Loaded Objects now: 6853.
Memory consumption went from 142.4 MB to 138.1 MB.
Total: 8.189100 ms (FindLiveObjects: 0.797900 ms CreateObjectMapping: 0.382500 ms MarkObjects: 4.655300 ms  DeleteObjects: 2.352300 ms)

Prepare: number of updated asset objects reloaded= 0
========================================================================
Received Prepare
Begin MonoManager ReloadAssembly
[Licensing::Client] Successfully resolved entitlement details
- Loaded All Assemblies, in  5.368 seconds
Refreshing native plugins compatible for Editor in 0.65 ms, found 3 plugins.
Native extension for WindowsStandalone target not found
[Package Manager] Failed to launch server process. Reason: Unity was launched with the -noUpm command-line argument
[Package Manager] Unable to send message (not connected to server process).
[Package Manager] Cannot connect to Unity Package Manager local server
Mono: successfully reloaded assembly
- Finished resetting the current domain, in  0.873 seconds
Domain Reload Profiling: 6247ms
	BeginReloadAssembly (1692ms)
		ExecutionOrderSort (0ms)
		DisableScriptedObjects (176ms)
		BackupInstance (0ms)
		ReleaseScriptingObjects (1ms)
		CreateAndSetChildDomain (464ms)
	RebuildCommonClasses (110ms)
	RebuildNativeTypeToScriptingClass (14ms)
	initialDomainReloadingComplete (29ms)
	LoadAllAssembliesAndSetupDomain (3528ms)
		LoadAssemblies (4021ms)
		RebuildTransferFunctionScriptingTraits (0ms)
		AnalyzeDomain (288ms)
			TypeCache.Refresh (32ms)
				TypeCache.ScanAssembly (1ms)
			BuildScriptInfoCaches (235ms)
			ResolveRequiredComponents (13ms)
	FinalizeReload (873ms)
		ReleaseScriptCaches (0ms)
		RebuildScriptCaches (0ms)
		SetupLoadedEditorAssemblies (714ms)
			LogAssemblyErrors (0ms)
			InitializePlatformSupportModulesInManaged (2ms)
			SetLoadedEditorAssemblies (8ms)
			BeforeProcessingInitializeOnLoad (218ms)
			ProcessInitializeOnLoadAttributes (431ms)
			ProcessInitializeOnLoadMethodAttributes (53ms)
			AfterProcessingInitializeOnLoad (2ms)
			EditorAssembliesLoaded (0ms)
		ExecutionOrderSort2 (0ms)
		AwakeInstancesAfterBackupRestoration (16ms)
Refreshing native plugins compatible for Editor in 0.68 ms, found 3 plugins.
Preloading 0 native plugins for Editor in 0.00 ms.
Unloading 13 Unused Serialized files (Serialized files now loaded: 0)
Unloading 6112 unused Assets / (3.4 MB). Loaded Objects now: 6856.
Memory consumption went from 142.5 MB to 139.0 MB.
Total: 11.863300 ms (FindLiveObjects: 0.750900 ms CreateObjectMapping: 0.321300 ms MarkObjects: 7.052400 ms  DeleteObjects: 3.737400 ms)

Prepare: number of updated asset objects reloaded= 0
========================================================================
Received Prepare
Begin MonoManager ReloadAssembly
[Licensing::Client] Successfully resolved entitlement details
- Loaded All Assemblies, in  0.735 seconds
Refreshing native plugins compatible for Editor in 0.64 ms, found 3 plugins.
Native extension for WindowsStandalone target not found
[Package Manager] Failed to launch server process. Reason: Unity was launched with the -noUpm command-line argument
[Package Manager] Unable to send message (not connected to server process).
[Package Manager] Cannot connect to Unity Package Manager local server
Mono: successfully reloaded assembly
- Finished resetting the current domain, in  0.822 seconds
Domain Reload Profiling: 1560ms
	BeginReloadAssembly (205ms)
		ExecutionOrderSort (0ms)
		DisableScriptedObjects (6ms)
		BackupInstance (0ms)
		ReleaseScriptingObjects (0ms)
		CreateAndSetChildDomain (42ms)
	RebuildCommonClasses (35ms)
	RebuildNativeTypeToScriptingClass (14ms)
	initialDomainReloadingComplete (25ms)
	LoadAllAssembliesAndSetupDomain (458ms)
		LoadAssemblies (359ms)
		RebuildTransferFunctionScriptingTraits (0ms)
		AnalyzeDomain (199ms)
			TypeCache.Refresh (6ms)
				TypeCache.ScanAssembly (0ms)
			BuildScriptInfoCaches (172ms)
			ResolveRequiredComponents (18ms)
	FinalizeReload (822ms)
		ReleaseScriptCaches (0ms)
		RebuildScriptCaches (0ms)
		SetupLoadedEditorAssemblies (666ms)
			LogAssemblyErrors (0ms)
			InitializePlatformSupportModulesInManaged (2ms)
			SetLoadedEditorAssemblies (6ms)
			BeforeProcessingInitializeOnLoad (207ms)
			ProcessInitializeOnLoadAttributes (399ms)
			ProcessInitializeOnLoadMethodAttributes (49ms)
			AfterProcessingInitializeOnLoad (3ms)
			EditorAssembliesLoaded (0ms)
		ExecutionOrderSort2 (0ms)
		AwakeInstancesAfterBackupRestoration (16ms)
Refreshing native plugins compatible for Editor in 0.68 ms, found 3 plugins.
Preloading 0 native plugins for Editor in 0.00 ms.
Unloading 13 Unused Serialized files (Serialized files now loaded: 0)
Unloading 6112 unused Assets / (4.3 MB). Loaded Objects now: 6859.
Memory consumption went from 142.5 MB to 138.2 MB.
Total: 8.796400 ms (FindLiveObjects: 0.974100 ms CreateObjectMapping: 1.080600 ms MarkObjects: 4.267600 ms  DeleteObjects: 2.473100 ms)

Prepare: number of updated asset objects reloaded= 0
========================================================================
Received Import Request.
  Time since last request: 4468.407914 seconds.
  path: Assets/Scenes/MainMenu.unity
  artifactKey: Guid(99c9720ab356a0642a771bea13969a05) Importer(2089858483,192608db42251d675da83286b1cce702)
Start importing Assets/Scenes/MainMenu.unity using Guid(99c9720ab356a0642a771bea13969a05) Importer(2089858483,192608db42251d675da83286b1cce702) (ScriptedImporter) -> (artifact id: 'f260331b583b8b351a833019f28232d2') in 0.3321055 seconds
Number of updated asset objects reloaded before import = 0Number of asset objects unloaded after import = 1

========================================================================
Received Prepare
Begin MonoManager ReloadAssembly
[Licensing::Client] Successfully resolved entitlement details
- Loaded All Assemblies, in  0.757 seconds
Refreshing native plugins compatible for Editor in 0.89 ms, found 3 plugins.
Native extension for WindowsStandalone target not found
[Package Manager] Failed to launch server process. Reason: Unity was launched with the -noUpm command-line argument
[Package Manager] Unable to send message (not connected to server process).
[Package Manager] Cannot connect to Unity Package Manager local server
Mono: successfully reloaded assembly
- Finished resetting the current domain, in  0.876 seconds
Domain Reload Profiling: 1635ms
	BeginReloadAssembly (229ms)
		ExecutionOrderSort (0ms)
		DisableScriptedObjects (9ms)
		BackupInstance (0ms)
		ReleaseScriptingObjects (0ms)
		CreateAndSetChildDomain (61ms)
	RebuildCommonClasses (36ms)
	RebuildNativeTypeToScriptingClass (13ms)
	initialDomainReloadingComplete (26ms)
	LoadAllAssembliesAndSetupDomain (455ms)
		LoadAssemblies (366ms)
		RebuildTransferFunctionScriptingTraits (0ms)
		AnalyzeDomain (194ms)
			TypeCache.Refresh (9ms)
				TypeCache.ScanAssembly (1ms)
			BuildScriptInfoCaches (165ms)
			ResolveRequiredComponents (17ms)
	FinalizeReload (876ms)
		ReleaseScriptCaches (0ms)
		RebuildScriptCaches (0ms)
		SetupLoadedEditorAssemblies (720ms)
			LogAssemblyErrors (0ms)
			InitializePlatformSupportModulesInManaged (2ms)
			SetLoadedEditorAssemblies (6ms)
			BeforeProcessingInitializeOnLoad (207ms)
			ProcessInitializeOnLoadAttributes (440ms)
			ProcessInitializeOnLoadMethodAttributes (63ms)
			AfterProcessingInitializeOnLoad (3ms)
			EditorAssembliesLoaded (0ms)
		ExecutionOrderSort2 (0ms)
		AwakeInstancesAfterBackupRestoration (17ms)
Refreshing native plugins compatible for Editor in 0.72 ms, found 3 plugins.
Preloading 0 native plugins for Editor in 0.00 ms.
Unloading 13 Unused Serialized files (Serialized files now loaded: 0)
Unloading 6112 unused Assets / (4.2 MB). Loaded Objects now: 6862.
Memory consumption went from 142.5 MB to 138.4 MB.
Total: 7.983700 ms (FindLiveObjects: 0.821600 ms CreateObjectMapping: 0.403100 ms MarkObjects: 4.385700 ms  DeleteObjects: 2.372100 ms)

Prepare: number of updated asset objects reloaded= 0
========================================================================
Received Import Request.
  Time since last request: 499.112572 seconds.
  path: Assets/Scripts/Core/GameSettingsObject.cs
  artifactKey: Guid(ae5a0355ea213fb448fbe9af527cc2d3) Importer(815301076,1909f56bfc062723c751e8b465ee728b)
Start importing Assets/Scripts/Core/GameSettingsObject.cs using Guid(ae5a0355ea213fb448fbe9af527cc2d3) Importer(815301076,1909f56bfc062723c751e8b465ee728b) (PreviewImporter) -> (artifact id: '2998eb7a11df8ab341d496b44380f86f') in 0.0123347 seconds
Number of updated asset objects reloaded before import = 0Number of asset objects unloaded after import = 0

========================================================================
Received Import Request.
  Time since last request: 2145.377082 seconds.
  path: Assets/Scripts/Core/GameSettings.cs
  artifactKey: Guid(ea82473b1d25abb4395b89295d87d193) Importer(2089858483,192608db42251d675da83286b1cce702)
Start importing Assets/Scripts/Core/GameSettings.cs using Guid(ea82473b1d25abb4395b89295d87d193) Importer(2089858483,192608db42251d675da83286b1cce702) (ScriptedImporter) -> (artifact id: 'f90501de4a5117d95077a270b51cf50d') in 0.2187713 seconds
Number of updated asset objects reloaded before import = 0Number of asset objects unloaded after import = 0

========================================================================
Received Import Request.
  Time since last request: 0.000055 seconds.
  path: Assets/SettingsStyle.uss
  artifactKey: Guid(5085146f60c82d441936ee0408272a4a) Importer(2089858483,192608db42251d675da83286b1cce702)
Start importing Assets/SettingsStyle.uss using Guid(5085146f60c82d441936ee0408272a4a) Importer(2089858483,192608db42251d675da83286b1cce702) (ScriptedImporter) -> (artifact id: '6e5aed5ea65de9d497feae93865798a5') in 0.0310748 seconds
Number of updated asset objects reloaded before import = 0Number of asset objects unloaded after import = 1

========================================================================
Received Import Request.
  Time since last request: 17.233344 seconds.
  path: Assets/UI/SettingsStyle.uss
  artifactKey: Guid(5085146f60c82d441936ee0408272a4a) Importer(2089858483,192608db42251d675da83286b1cce702)
Start importing Assets/UI/SettingsStyle.uss using Guid(5085146f60c82d441936ee0408272a4a) Importer(2089858483,192608db42251d675da83286b1cce702) (ScriptedImporter) -> (artifact id: 'fe18ee8fd17fff33f279697820553ae8') in 0.0123779 seconds
Number of updated asset objects reloaded before import = 0Number of asset objects unloaded after import = 1

========================================================================
Received Import Request.
  Time since last request: 275.041044 seconds.
  path: Assets/UI/Settings/Settings.uxml
  artifactKey: Guid(4a583889d3c6d0c4699208174b301068) Importer(815301076,1909f56bfc062723c751e8b465ee728b)
Start importing Assets/UI/Settings/Settings.uxml using Guid(4a583889d3c6d0c4699208174b301068) Importer(815301076,1909f56bfc062723c751e8b465ee728b) (PreviewImporter) -> (artifact id: '096416d57837ce7e38265f7ada85dd70') in 0.0966012 seconds
Number of updated asset objects reloaded before import = 0Number of asset objects unloaded after import = 3

========================================================================
Received Import Request.
  Time since last request: 144.880743 seconds.
  path: Assets/UI/Settings/Settings.uxml
  artifactKey: Guid(4a583889d3c6d0c4699208174b301068) Importer(815301076,1909f56bfc062723c751e8b465ee728b)
Start importing Assets/UI/Settings/Settings.uxml using Guid(4a583889d3c6d0c4699208174b301068) Importer(815301076,1909f56bfc062723c751e8b465ee728b) (PreviewImporter) -> (artifact id: 'cd17503870495adba9d6610471909361') in 0.0020952 seconds
Number of updated asset objects reloaded before import = 0Number of asset objects unloaded after import = 3

========================================================================
Received Import Request.
  Time since last request: 148.826381 seconds.
  path: Assets/UI/Settings/SettingsStyle.uss
  artifactKey: Guid(5085146f60c82d441936ee0408272a4a) Importer(815301076,1909f56bfc062723c751e8b465ee728b)
Start importing Assets/UI/Settings/SettingsStyle.uss using Guid(5085146f60c82d441936ee0408272a4a) Importer(815301076,1909f56bfc062723c751e8b465ee728b) (PreviewImporter) -> (artifact id: '388be88ce72e3c41ac2f904316ecf48a') in 0.00145 seconds
Number of updated asset objects reloaded before import = 0Number of asset objects unloaded after import = 1

========================================================================
Received Import Request.
  Time since last request: 1046.553365 seconds.
  path: Assets/UI/Settings/Settings.uxml
  artifactKey: Guid(4a583889d3c6d0c4699208174b301068) Importer(815301076,1909f56bfc062723c751e8b465ee728b)
Start importing Assets/UI/Settings/Settings.uxml using Guid(4a583889d3c6d0c4699208174b301068) Importer(815301076,1909f56bfc062723c751e8b465ee728b) (PreviewImporter) -> (artifact id: '50d120c022b928edb75b119e705ef30f') in 0.0091892 seconds
Number of updated asset objects reloaded before import = 0Number of asset objects unloaded after import = 5

========================================================================
Received Import Request.
  Time since last request: 465.320949 seconds.
  path: Assets/UI/Settings/Settings.uxml
  artifactKey: Guid(4a583889d3c6d0c4699208174b301068) Importer(815301076,1909f56bfc062723c751e8b465ee728b)
Start importing Assets/UI/Settings/Settings.uxml using Guid(4a583889d3c6d0c4699208174b301068) Importer(815301076,1909f56bfc062723c751e8b465ee728b) (PreviewImporter) -> (artifact id: 'cb36d446e173c57911b6b0aea0488e37') in 0.0031098 seconds
Number of updated asset objects reloaded before import = 0Number of asset objects unloaded after import = 5

========================================================================
Received Import Request.
  Time since last request: 0.000018 seconds.
  path: Assets/UI/Settings/SettingsStyle.uss
  artifactKey: Guid(5085146f60c82d441936ee0408272a4a) Importer(815301076,1909f56bfc062723c751e8b465ee728b)
Start importing Assets/UI/Settings/SettingsStyle.uss using Guid(5085146f60c82d441936ee0408272a4a) Importer(815301076,1909f56bfc062723c751e8b465ee728b) (PreviewImporter) -> (artifact id: '56b6d507429d036d1e34a08a821da9dc') in 0.0013097 seconds
Number of updated asset objects reloaded before import = 0Number of asset objects unloaded after import = 1

========================================================================
Received Import Request.
  Time since last request: 110.921170 seconds.
  path: Assets/UI/Settings/Settings.uxml
  artifactKey: Guid(4a583889d3c6d0c4699208174b301068) Importer(815301076,1909f56bfc062723c751e8b465ee728b)
Start importing Assets/UI/Settings/Settings.uxml using Guid(4a583889d3c6d0c4699208174b301068) Importer(815301076,1909f56bfc062723c751e8b465ee728b) (PreviewImporter) -> (artifact id: '13b77cb97b347b818e035ef5aba328b3') in 0.0052253 seconds
Number of updated asset objects reloaded before import = 0Number of asset objects unloaded after import = 5

========================================================================
Received Import Request.
  Time since last request: 0.000019 seconds.
  path: Assets/UI/Settings/SettingsStyle.uss
  artifactKey: Guid(5085146f60c82d441936ee0408272a4a) Importer(815301076,1909f56bfc062723c751e8b465ee728b)
Start importing Assets/UI/Settings/SettingsStyle.uss using Guid(5085146f60c82d441936ee0408272a4a) Importer(815301076,1909f56bfc062723c751e8b465ee728b) (PreviewImporter) -> (artifact id: '1b9da188abcd917c1ff615ece615135f') in 0.0012265 seconds
Number of updated asset objects reloaded before import = 0Number of asset objects unloaded after import = 1

========================================================================
Received Import Request.
  Time since last request: 3.533511 seconds.
  path: Assets/UI/Settings/Settings.uxml
  artifactKey: Guid(4a583889d3c6d0c4699208174b301068) Importer(815301076,1909f56bfc062723c751e8b465ee728b)
Start importing Assets/UI/Settings/Settings.uxml using Guid(4a583889d3c6d0c4699208174b301068) Importer(815301076,1909f56bfc062723c751e8b465ee728b) (PreviewImporter) -> (artifact id: '05fe5ab998c2e1716a6b9338ea7f2af5') in 0.0025349 seconds
Number of updated asset objects reloaded before import = 0Number of asset objects unloaded after import = 5

========================================================================
Received Import Request.
  Time since last request: 0.000015 seconds.
  path: Assets/UI/Settings/SettingsStyle.uss
  artifactKey: Guid(5085146f60c82d441936ee0408272a4a) Importer(815301076,1909f56bfc062723c751e8b465ee728b)
Start importing Assets/UI/Settings/SettingsStyle.uss using Guid(5085146f60c82d441936ee0408272a4a) Importer(815301076,1909f56bfc062723c751e8b465ee728b) (PreviewImporter) -> (artifact id: '0b66dbf5f2ffde301ab7b5e118998b23') in 0.0014085 seconds
Number of updated asset objects reloaded before import = 0Number of asset objects unloaded after import = 1

========================================================================
Received Import Request.
  Time since last request: 0.723837 seconds.
  path: Assets/UI/Settings/RangeSetting.uxml
  artifactKey: Guid(9b0c431e719b7114883fc16fe7cf554d) Importer(2089858483,192608db42251d675da83286b1cce702)
Start importing Assets/UI/Settings/RangeSetting.uxml using Guid(9b0c431e719b7114883fc16fe7cf554d) Importer(2089858483,192608db42251d675da83286b1cce702) (ScriptedImporter) -> (artifact id: 'a8b38813e246f278dab2dcc2ff5c7c78') in 0.0642383 seconds
Number of updated asset objects reloaded before import = 0Number of asset objects unloaded after import = 3

========================================================================
Received Import Request.
  Time since last request: 3.065634 seconds.
  path: Assets/UI/Settings/Settings.uxml
  artifactKey: Guid(4a583889d3c6d0c4699208174b301068) Importer(815301076,1909f56bfc062723c751e8b465ee728b)
Start importing Assets/UI/Settings/Settings.uxml using Guid(4a583889d3c6d0c4699208174b301068) Importer(815301076,1909f56bfc062723c751e8b465ee728b) (PreviewImporter) -> (artifact id: 'bede8ca5a3d9355d0cb75552035ab7fa') in 0.0023519 seconds
Number of updated asset objects reloaded before import = 0Number of asset objects unloaded after import = 5

========================================================================
Received Import Request.
  Time since last request: 0.000018 seconds.
  path: Assets/UI/Settings/SettingsStyle.uss
  artifactKey: Guid(5085146f60c82d441936ee0408272a4a) Importer(815301076,1909f56bfc062723c751e8b465ee728b)
Start importing Assets/UI/Settings/SettingsStyle.uss using Guid(5085146f60c82d441936ee0408272a4a) Importer(815301076,1909f56bfc062723c751e8b465ee728b) (PreviewImporter) -> (artifact id: 'b0ca5d0c302ea6b96cb3b5b026650e6e') in 0.0011937 seconds
Number of updated asset objects reloaded before import = 0Number of asset objects unloaded after import = 1

========================================================================
Received Import Request.
  Time since last request: 505.480984 seconds.
  path: Assets/UI/Settings/BoolSetting.uxml
  artifactKey: Guid(0ea28699eb03a274bbe5568b28bafca9) Importer(815301076,1909f56bfc062723c751e8b465ee728b)
Start importing Assets/UI/Settings/BoolSetting.uxml using Guid(0ea28699eb03a274bbe5568b28bafca9) Importer(815301076,1909f56bfc062723c751e8b465ee728b) (PreviewImporter) -> (artifact id: '9162793f47ea803ffb82efd3137c64c0') in 0.0069635 seconds
Number of updated asset objects reloaded before import = 0Number of asset objects unloaded after import = 3

========================================================================
Received Import Request.
  Time since last request: 0.000021 seconds.
  path: Assets/UI/Settings/Settings.uxml
  artifactKey: Guid(4a583889d3c6d0c4699208174b301068) Importer(815301076,1909f56bfc062723c751e8b465ee728b)
Start importing Assets/UI/Settings/Settings.uxml using Guid(4a583889d3c6d0c4699208174b301068) Importer(815301076,1909f56bfc062723c751e8b465ee728b) (PreviewImporter) -> (artifact id: 'd3ab12e320bd34af4eb364a57b399d9f') in 0.0042997 seconds
Number of updated asset objects reloaded before import = 0Number of asset objects unloaded after import = 5

========================================================================
Received Import Request.
  Time since last request: 23.674860 seconds.
  path: Assets/UI/Settings/Settings.uxml
  artifactKey: Guid(4a583889d3c6d0c4699208174b301068) Importer(815301076,1909f56bfc062723c751e8b465ee728b)
Start importing Assets/UI/Settings/Settings.uxml using Guid(4a583889d3c6d0c4699208174b301068) Importer(815301076,1909f56bfc062723c751e8b465ee728b) (PreviewImporter) -> (artifact id: 'aaa69f7c9a95bb59b78da8af2bdbc818') in 0.008632 seconds
Number of updated asset objects reloaded before import = 0Number of asset objects unloaded after import = 5

========================================================================
Received Import Request.
  Time since last request: 0.000015 seconds.
  path: Assets/UI/Settings/SettingsStyle.uss
  artifactKey: Guid(5085146f60c82d441936ee0408272a4a) Importer(815301076,1909f56bfc062723c751e8b465ee728b)
Start importing Assets/UI/Settings/SettingsStyle.uss using Guid(5085146f60c82d441936ee0408272a4a) Importer(815301076,1909f56bfc062723c751e8b465ee728b) (PreviewImporter) -> (artifact id: 'aa03522afe0bf21ed685acf2bd329fa0') in 0.0010397 seconds
Number of updated asset objects reloaded before import = 0Number of asset objects unloaded after import = 1

========================================================================
Received Import Request.
  Time since last request: 107.710047 seconds.
  path: Assets/UI/Settings/BoolSetting.uxml
  artifactKey: Guid(0ea28699eb03a274bbe5568b28bafca9) Importer(815301076,1909f56bfc062723c751e8b465ee728b)
Start importing Assets/UI/Settings/BoolSetting.uxml using Guid(0ea28699eb03a274bbe5568b28bafca9) Importer(815301076,1909f56bfc062723c751e8b465ee728b) (PreviewImporter) -> (artifact id: '6a89b1972addc8d26f614e1615b9c493') in 0.0039115 seconds
Number of updated asset objects reloaded before import = 0Number of asset objects unloaded after import = 3

========================================================================
Received Import Request.
  Time since last request: 0.000015 seconds.
  path: Assets/UI/Settings/Settings.uxml
  artifactKey: Guid(4a583889d3c6d0c4699208174b301068) Importer(815301076,1909f56bfc062723c751e8b465ee728b)
Start importing Assets/UI/Settings/Settings.uxml using Guid(4a583889d3c6d0c4699208174b301068) Importer(815301076,1909f56bfc062723c751e8b465ee728b) (PreviewImporter) -> (artifact id: 'c36afffec2bf293957323d5dd732445d') in 0.0027427 seconds
Number of updated asset objects reloaded before import = 0Number of asset objects unloaded after import = 5

========================================================================
Received Import Request.
  Time since last request: 9.486409 seconds.
  path: Assets/UI/Settings/BoolSetting.uxml
  artifactKey: Guid(0ea28699eb03a274bbe5568b28bafca9) Importer(815301076,1909f56bfc062723c751e8b465ee728b)
Start importing Assets/UI/Settings/BoolSetting.uxml using Guid(0ea28699eb03a274bbe5568b28bafca9) Importer(815301076,1909f56bfc062723c751e8b465ee728b) (PreviewImporter) -> (artifact id: '3556996eca5a4067a4ee4d0ce024eac0') in 0.0055554 seconds
Number of updated asset objects reloaded before import = 0Number of asset objects unloaded after import = 3

========================================================================
Received Import Request.
  Time since last request: 0.000015 seconds.
  path: Assets/UI/Settings/Settings.uxml
  artifactKey: Guid(4a583889d3c6d0c4699208174b301068) Importer(815301076,1909f56bfc062723c751e8b465ee728b)
Start importing Assets/UI/Settings/Settings.uxml using Guid(4a583889d3c6d0c4699208174b301068) Importer(815301076,1909f56bfc062723c751e8b465ee728b) (PreviewImporter) -> (artifact id: '1b981f42843b7a1fd4ba72265a708fe2') in 0.003626 seconds
Number of updated asset objects reloaded before import = 0Number of asset objects unloaded after import = 5

========================================================================
Received Import Request.
  Time since last request: 17.848279 seconds.
  path: Assets/UI/Settings/BoolSetting.uxml
  artifactKey: Guid(0ea28699eb03a274bbe5568b28bafca9) Importer(815301076,1909f56bfc062723c751e8b465ee728b)
Start importing Assets/UI/Settings/BoolSetting.uxml using Guid(0ea28699eb03a274bbe5568b28bafca9) Importer(815301076,1909f56bfc062723c751e8b465ee728b) (PreviewImporter) -> (artifact id: 'e70783b98c9020a85f02e396e7b7142e') in 0.0062645 seconds
Number of updated asset objects reloaded before import = 0Number of asset objects unloaded after import = 3

========================================================================
Received Import Request.
  Time since last request: 0.000017 seconds.
  path: Assets/UI/Settings/SettingsStyle.uss
  artifactKey: Guid(5085146f60c82d441936ee0408272a4a) Importer(815301076,1909f56bfc062723c751e8b465ee728b)
Start importing Assets/UI/Settings/SettingsStyle.uss using Guid(5085146f60c82d441936ee0408272a4a) Importer(815301076,1909f56bfc062723c751e8b465ee728b) (PreviewImporter) -> (artifact id: 'ce968b2b14e907e108cc4dda6d65dbcb') in 0.0010581 seconds
Number of updated asset objects reloaded before import = 0Number of asset objects unloaded after import = 1

========================================================================
Received Import Request.
  Time since last request: 43.918317 seconds.
  path: Assets/UI/Settings/Settings.uxml
  artifactKey: Guid(4a583889d3c6d0c4699208174b301068) Importer(815301076,1909f56bfc062723c751e8b465ee728b)
Start importing Assets/UI/Settings/Settings.uxml using Guid(4a583889d3c6d0c4699208174b301068) Importer(815301076,1909f56bfc062723c751e8b465ee728b) (PreviewImporter) -> (artifact id: 'be67f3932924c8d2ad296e638ba07170') in 0.0047021 seconds
Number of updated asset objects reloaded before import = 0Number of asset objects unloaded after import = 5

========================================================================
Received Import Request.
  Time since last request: 0.000016 seconds.
  path: Assets/UI/Settings/SettingsStyle.uss
  artifactKey: Guid(5085146f60c82d441936ee0408272a4a) Importer(815301076,1909f56bfc062723c751e8b465ee728b)
Start importing Assets/UI/Settings/SettingsStyle.uss using Guid(5085146f60c82d441936ee0408272a4a) Importer(815301076,1909f56bfc062723c751e8b465ee728b) (PreviewImporter) -> (artifact id: '49bd8f0c7a26dcb53838359fcbd5a8ff') in 0.0017048 seconds
Number of updated asset objects reloaded before import = 0Number of asset objects unloaded after import = 1

========================================================================
Received Import Request.
  Time since last request: 36.564671 seconds.
  path: Assets/UI/Settings/Settings.uxml
  artifactKey: Guid(4a583889d3c6d0c4699208174b301068) Importer(815301076,1909f56bfc062723c751e8b465ee728b)
Start importing Assets/UI/Settings/Settings.uxml using Guid(4a583889d3c6d0c4699208174b301068) Importer(815301076,1909f56bfc062723c751e8b465ee728b) (PreviewImporter) -> (artifact id: 'ecdd9c58dddae83fa788a570dde28988') in 0.0063896 seconds
Number of updated asset objects reloaded before import = 0Number of asset objects unloaded after import = 5

========================================================================
Received Import Request.
  Time since last request: 0.000015 seconds.
  path: Assets/UI/Settings/SettingsStyle.uss
  artifactKey: Guid(5085146f60c82d441936ee0408272a4a) Importer(815301076,1909f56bfc062723c751e8b465ee728b)
Start importing Assets/UI/Settings/SettingsStyle.uss using Guid(5085146f60c82d441936ee0408272a4a) Importer(815301076,1909f56bfc062723c751e8b465ee728b) (PreviewImporter) -> (artifact id: '380d24c6b1ffd36b17889d89c7095d41') in 0.0010798 seconds
Number of updated asset objects reloaded before import = 0Number of asset objects unloaded after import = 1

========================================================================
Received Import Request.
  Time since last request: 34.606233 seconds.
  path: Assets/UI/Settings/BoolSetting.uxml
  artifactKey: Guid(0ea28699eb03a274bbe5568b28bafca9) Importer(815301076,1909f56bfc062723c751e8b465ee728b)
Start importing Assets/UI/Settings/BoolSetting.uxml using Guid(0ea28699eb03a274bbe5568b28bafca9) Importer(815301076,1909f56bfc062723c751e8b465ee728b) (PreviewImporter) -> (artifact id: '38c68c59991160f69a1a6a0aeba395ee') in 0.0016956 seconds
Number of updated asset objects reloaded before import = 0Number of asset objects unloaded after import = 3

========================================================================
Received Import Request.
  Time since last request: 0.000013 seconds.
  path: Assets/UI/Settings/Settings.uxml
  artifactKey: Guid(4a583889d3c6d0c4699208174b301068) Importer(815301076,1909f56bfc062723c751e8b465ee728b)
Start importing Assets/UI/Settings/Settings.uxml using Guid(4a583889d3c6d0c4699208174b301068) Importer(815301076,1909f56bfc062723c751e8b465ee728b) (PreviewImporter) -> (artifact id: 'a72b1ee1519799c578203566080d26ed') in 0.0033236 seconds
Number of updated asset objects reloaded before import = 0Number of asset objects unloaded after import = 5

========================================================================
Received Import Request.
  Time since last request: 63.863441 seconds.
  path: Assets/UI/Settings/Settings.uxml
  artifactKey: Guid(4a583889d3c6d0c4699208174b301068) Importer(815301076,1909f56bfc062723c751e8b465ee728b)
Start importing Assets/UI/Settings/Settings.uxml using Guid(4a583889d3c6d0c4699208174b301068) Importer(815301076,1909f56bfc062723c751e8b465ee728b) (PreviewImporter) -> (artifact id: 'f06fd28b9926c446f8a50fb56544e2b8') in 0.0069983 seconds
Number of updated asset objects reloaded before import = 0Number of asset objects unloaded after import = 5

========================================================================
Received Import Request.
  Time since last request: 0.000016 seconds.
  path: Assets/UI/Settings/SettingsStyle.uss
  artifactKey: Guid(5085146f60c82d441936ee0408272a4a) Importer(815301076,1909f56bfc062723c751e8b465ee728b)
Start importing Assets/UI/Settings/SettingsStyle.uss using Guid(5085146f60c82d441936ee0408272a4a) Importer(815301076,1909f56bfc062723c751e8b465ee728b) (PreviewImporter) -> (artifact id: 'c9cad10ad28d8976e66fd3331c8250d3') in 0.0010406 seconds
Number of updated asset objects reloaded before import = 0Number of asset objects unloaded after import = 1

========================================================================
Received Import Request.
  Time since last request: 10.532476 seconds.
  path: Assets/UI/Settings/Settings.uxml
  artifactKey: Guid(4a583889d3c6d0c4699208174b301068) Importer(815301076,1909f56bfc062723c751e8b465ee728b)
Start importing Assets/UI/Settings/Settings.uxml using Guid(4a583889d3c6d0c4699208174b301068) Importer(815301076,1909f56bfc062723c751e8b465ee728b) (PreviewImporter) -> (artifact id: '49e1ca5492ab913264d5df5630179d48') in 0.0070906 seconds
Number of updated asset objects reloaded before import = 0Number of asset objects unloaded after import = 5

========================================================================
Received Import Request.
  Time since last request: 0.000015 seconds.
  path: Assets/UI/Settings/SettingsStyle.uss
  artifactKey: Guid(5085146f60c82d441936ee0408272a4a) Importer(815301076,1909f56bfc062723c751e8b465ee728b)
Start importing Assets/UI/Settings/SettingsStyle.uss using Guid(5085146f60c82d441936ee0408272a4a) Importer(815301076,1909f56bfc062723c751e8b465ee728b) (PreviewImporter) -> (artifact id: '934611e880922130a1a451d0874aebe8') in 0.0010683 seconds
Number of updated asset objects reloaded before import = 0Number of asset objects unloaded after import = 1

========================================================================
Received Import Request.
  Time since last request: 1196.807882 seconds.
  path: Assets/UI/Settings/BoolSetting.uxml
  artifactKey: Guid(0ea28699eb03a274bbe5568b28bafca9) Importer(815301076,1909f56bfc062723c751e8b465ee728b)
Start importing Assets/UI/Settings/BoolSetting.uxml using Guid(0ea28699eb03a274bbe5568b28bafca9) Importer(815301076,1909f56bfc062723c751e8b465ee728b) (PreviewImporter) -> (artifact id: 'fb9669e5828d94fd379eb7d83337b738') in 0.0060802 seconds
Number of updated asset objects reloaded before import = 0Number of asset objects unloaded after import = 3

========================================================================
Received Import Request.
  Time since last request: 0.000019 seconds.
  path: Assets/UI/Settings/Settings.uxml
  artifactKey: Guid(4a583889d3c6d0c4699208174b301068) Importer(815301076,1909f56bfc062723c751e8b465ee728b)
Start importing Assets/UI/Settings/Settings.uxml using Guid(4a583889d3c6d0c4699208174b301068) Importer(815301076,1909f56bfc062723c751e8b465ee728b) (PreviewImporter) -> (artifact id: 'd9cdcfea702a57f62ece89e92515c76a') in 0.0048361 seconds
Number of updated asset objects reloaded before import = 0Number of asset objects unloaded after import = 5

========================================================================
Received Import Request.
  Time since last request: 9.588339 seconds.
  path: Assets/UI/Settings/BoolSetting.uxml
  artifactKey: Guid(0ea28699eb03a274bbe5568b28bafca9) Importer(815301076,1909f56bfc062723c751e8b465ee728b)
Start importing Assets/UI/Settings/BoolSetting.uxml using Guid(0ea28699eb03a274bbe5568b28bafca9) Importer(815301076,1909f56bfc062723c751e8b465ee728b) (PreviewImporter) -> (artifact id: '2ce9c003ab01a6a2717faf96d91fe658') in 0.005565 seconds
Number of updated asset objects reloaded before import = 0Number of asset objects unloaded after import = 3

========================================================================
Received Import Request.
  Time since last request: 0.000025 seconds.
  path: Assets/UI/Settings/Settings.uxml
  artifactKey: Guid(4a583889d3c6d0c4699208174b301068) Importer(815301076,1909f56bfc062723c751e8b465ee728b)
Start importing Assets/UI/Settings/Settings.uxml using Guid(4a583889d3c6d0c4699208174b301068) Importer(815301076,1909f56bfc062723c751e8b465ee728b) (PreviewImporter) -> (artifact id: '8383a2423157985b8b8f6027cdf68f63') in 0.0276885 seconds
Number of updated asset objects reloaded before import = 0Number of asset objects unloaded after import = 5

========================================================================
Received Import Request.
  Time since last request: 9.193289 seconds.
  path: Assets/UI/Settings/BoolSetting.uxml
  artifactKey: Guid(0ea28699eb03a274bbe5568b28bafca9) Importer(815301076,1909f56bfc062723c751e8b465ee728b)
Start importing Assets/UI/Settings/BoolSetting.uxml using Guid(0ea28699eb03a274bbe5568b28bafca9) Importer(815301076,1909f56bfc062723c751e8b465ee728b) (PreviewImporter) -> (artifact id: '900fb3cea52f462d9b6524a54147cdf5') in 0.0052335 seconds
Number of updated asset objects reloaded before import = 0Number of asset objects unloaded after import = 3

========================================================================
Received Import Request.
  Time since last request: 0.000015 seconds.
  path: Assets/UI/Settings/Settings.uxml
  artifactKey: Guid(4a583889d3c6d0c4699208174b301068) Importer(815301076,1909f56bfc062723c751e8b465ee728b)
Start importing Assets/UI/Settings/Settings.uxml using Guid(4a583889d3c6d0c4699208174b301068) Importer(815301076,1909f56bfc062723c751e8b465ee728b) (PreviewImporter) -> (artifact id: '92152c8b951a8c7dd7a283368bb8245b') in 0.0069949 seconds
Number of updated asset objects reloaded before import = 0Number of asset objects unloaded after import = 5

========================================================================
Received Import Request.
  Time since last request: 72.523367 seconds.
  path: Assets/UI/Settings/Settings.uxml
  artifactKey: Guid(4a583889d3c6d0c4699208174b301068) Importer(815301076,1909f56bfc062723c751e8b465ee728b)
Start importing Assets/UI/Settings/Settings.uxml using Guid(4a583889d3c6d0c4699208174b301068) Importer(815301076,1909f56bfc062723c751e8b465ee728b) (PreviewImporter) -> (artifact id: 'e72750ad4acd2b3d8a56f1f5293cf864') in 0.0049292 seconds
Number of updated asset objects reloaded before import = 0Number of asset objects unloaded after import = 5

========================================================================
Received Import Request.
  Time since last request: 0.000018 seconds.
  path: Assets/UI/Settings/SettingsStyle.uss
  artifactKey: Guid(5085146f60c82d441936ee0408272a4a) Importer(815301076,1909f56bfc062723c751e8b465ee728b)
Start importing Assets/UI/Settings/SettingsStyle.uss using Guid(5085146f60c82d441936ee0408272a4a) Importer(815301076,1909f56bfc062723c751e8b465ee728b) (PreviewImporter) -> (artifact id: 'f12d805661156e6e71990d170bcdb368') in 0.0019421 seconds
Number of updated asset objects reloaded before import = 0Number of asset objects unloaded after import = 1

========================================================================
Received Import Request.
  Time since last request: 34.552640 seconds.
  path: Assets/UI/Settings/BoolSetting.uxml
  artifactKey: Guid(0ea28699eb03a274bbe5568b28bafca9) Importer(815301076,1909f56bfc062723c751e8b465ee728b)
Start importing Assets/UI/Settings/BoolSetting.uxml using Guid(0ea28699eb03a274bbe5568b28bafca9) Importer(815301076,1909f56bfc062723c751e8b465ee728b) (PreviewImporter) -> (artifact id: '3df0aa3c3ee703a13baf6481eb7fdbc8') in 0.0027642 seconds
Number of updated asset objects reloaded before import = 0Number of asset objects unloaded after import = 3

========================================================================
Received Import Request.
  Time since last request: 0.000018 seconds.
  path: Assets/UI/Settings/Settings.uxml
  artifactKey: Guid(4a583889d3c6d0c4699208174b301068) Importer(815301076,1909f56bfc062723c751e8b465ee728b)
Start importing Assets/UI/Settings/Settings.uxml using Guid(4a583889d3c6d0c4699208174b301068) Importer(815301076,1909f56bfc062723c751e8b465ee728b) (PreviewImporter) -> (artifact id: '24cffe953e662031ac690238ee58c53f') in 0.0040493 seconds
Number of updated asset objects reloaded before import = 0Number of asset objects unloaded after import = 5

========================================================================
Received Import Request.
  Time since last request: 10.795948 seconds.
  path: Assets/UI/Settings/Settings.uxml
  artifactKey: Guid(4a583889d3c6d0c4699208174b301068) Importer(815301076,1909f56bfc062723c751e8b465ee728b)
Start importing Assets/UI/Settings/Settings.uxml using Guid(4a583889d3c6d0c4699208174b301068) Importer(815301076,1909f56bfc062723c751e8b465ee728b) (PreviewImporter) -> (artifact id: '94be5f483f979c3b9549a35116d578fc') in 0.0072899 seconds
Number of updated asset objects reloaded before import = 0Number of asset objects unloaded after import = 5

========================================================================
Received Import Request.
  Time since last request: 0.000015 seconds.
  path: Assets/UI/Settings/SettingsStyle.uss
  artifactKey: Guid(5085146f60c82d441936ee0408272a4a) Importer(815301076,1909f56bfc062723c751e8b465ee728b)
Start importing Assets/UI/Settings/SettingsStyle.uss using Guid(5085146f60c82d441936ee0408272a4a) Importer(815301076,1909f56bfc062723c751e8b465ee728b) (PreviewImporter) -> (artifact id: '3f872364f267a63625f470c5dccae9d6') in 0.0054471 seconds
Number of updated asset objects reloaded before import = 0Number of asset objects unloaded after import = 1

========================================================================
Received Import Request.
  Time since last request: 18.846297 seconds.
  path: Assets/UI/Settings/Settings.uxml
  artifactKey: Guid(4a583889d3c6d0c4699208174b301068) Importer(815301076,1909f56bfc062723c751e8b465ee728b)
Start importing Assets/UI/Settings/Settings.uxml using Guid(4a583889d3c6d0c4699208174b301068) Importer(815301076,1909f56bfc062723c751e8b465ee728b) (PreviewImporter) -> (artifact id: '5c1c6bdbbe719285ac712d2dfed94587') in 0.0082091 seconds
Number of updated asset objects reloaded before import = 0Number of asset objects unloaded after import = 5

========================================================================
Received Import Request.
  Time since last request: 0.000017 seconds.
  path: Assets/UI/Settings/SettingsStyle.uss
  artifactKey: Guid(5085146f60c82d441936ee0408272a4a) Importer(815301076,1909f56bfc062723c751e8b465ee728b)
Start importing Assets/UI/Settings/SettingsStyle.uss using Guid(5085146f60c82d441936ee0408272a4a) Importer(815301076,1909f56bfc062723c751e8b465ee728b) (PreviewImporter) -> (artifact id: '481b52b0841a80e7a5ab51aba6c63beb') in 0.0012326 seconds
Number of updated asset objects reloaded before import = 0Number of asset objects unloaded after import = 1

========================================================================
Received Import Request.
  Time since last request: 9.303487 seconds.
  path: Assets/UI/Settings/Settings.uxml
  artifactKey: Guid(4a583889d3c6d0c4699208174b301068) Importer(815301076,1909f56bfc062723c751e8b465ee728b)
Start importing Assets/UI/Settings/Settings.uxml using Guid(4a583889d3c6d0c4699208174b301068) Importer(815301076,1909f56bfc062723c751e8b465ee728b) (PreviewImporter) -> (artifact id: 'f0f66d8a0635c8bcd1d468049b3f6fe0') in 0.0371867 seconds
Number of updated asset objects reloaded before import = 0Number of asset objects unloaded after import = 5

